Component: ARM Compiler 5.05 update 2 (build 169) Tool: armlink [4d0f33]

==============================================================================

Section Cross References

    startup_stm32f10x_md.o(STACK) refers (Special) to heapauxi.o(.text) for __use_two_region_memory
    startup_stm32f10x_md.o(HEAP) refers (Special) to heapauxi.o(.text) for __use_two_region_memory
    startup_stm32f10x_md.o(RESET) refers (Special) to heapauxi.o(.text) for __use_two_region_memory
    startup_stm32f10x_md.o(RESET) refers to startup_stm32f10x_md.o(STACK) for __initial_sp
    startup_stm32f10x_md.o(RESET) refers to startup_stm32f10x_md.o(.text) for Reset_Handler
    startup_stm32f10x_md.o(.text) refers (Special) to heapauxi.o(.text) for __use_two_region_memory
    startup_stm32f10x_md.o(.text) refers to system_stm32f10x.o(i.SystemInit) for SystemInit
    startup_stm32f10x_md.o(.text) refers to __main.o(!!!main) for __main
    startup_stm32f10x_md.o(.text) refers to startup_stm32f10x_md.o(HEAP) for Heap_Mem
    startup_stm32f10x_md.o(.text) refers to startup_stm32f10x_md.o(STACK) for Stack_Mem
    system_stm32f10x.o(i.SetSysClock) refers to system_stm32f10x.o(i.SetSysClockTo72) for SetSysClockTo72
    system_stm32f10x.o(i.SystemCoreClockUpdate) refers to system_stm32f10x.o(.data) for SystemCoreClock
    system_stm32f10x.o(i.SystemInit) refers to system_stm32f10x.o(i.SetSysClock) for SetSysClock
    stm32f10x_gpio.o(i.GPIO_AFIODeInit) refers to stm32f10x_rcc.o(i.RCC_APB2PeriphResetCmd) for RCC_APB2PeriphResetCmd
    stm32f10x_gpio.o(i.GPIO_DeInit) refers to stm32f10x_rcc.o(i.RCC_APB2PeriphResetCmd) for RCC_APB2PeriphResetCmd
    stm32f10x_rcc.o(i.RCC_GetClocksFreq) refers to stm32f10x_rcc.o(.data) for APBAHBPrescTable
    stm32f10x_rcc.o(i.RCC_WaitForHSEStartUp) refers to stm32f10x_rcc.o(i.RCC_GetFlagStatus) for RCC_GetFlagStatus
    stm32f10x_usart.o(i.USART_DeInit) refers to stm32f10x_rcc.o(i.RCC_APB2PeriphResetCmd) for RCC_APB2PeriphResetCmd
    stm32f10x_usart.o(i.USART_DeInit) refers to stm32f10x_rcc.o(i.RCC_APB1PeriphResetCmd) for RCC_APB1PeriphResetCmd
    stm32f10x_usart.o(i.USART_Init) refers to stm32f10x_rcc.o(i.RCC_GetClocksFreq) for RCC_GetClocksFreq
    lyzkgpio.o(i._ZN8LyzkGpio3SetEv) refers to stm32f10x_gpio.o(i.GPIO_SetBits) for GPIO_SetBits
    lyzkgpio.o(i._ZN8LyzkGpio4InitE10GpioConfig) refers to stm32f10x_rcc.o(i.RCC_APB2PeriphClockCmd) for RCC_APB2PeriphClockCmd
    lyzkgpio.o(i._ZN8LyzkGpio4InitE10GpioConfig) refers to stm32f10x_gpio.o(i.GPIO_Init) for GPIO_Init
    lyzkgpio.o(i._ZN8LyzkGpio5ResetEv) refers to stm32f10x_gpio.o(i.GPIO_ResetBits) for GPIO_ResetBits
    lyzkgpio.o(.ARM.exidx) refers to lyzkgpio.o(i._ZN8LyzkGpioC1Ev) for i._ZN8LyzkGpioC1Ev
    lyzkgpio.o(.ARM.exidx) refers to lyzkgpio.o(i._ZN8LyzkGpio8SetGPIOxEP12GPIO_TypeDef) for i._ZN8LyzkGpio8SetGPIOxEP12GPIO_TypeDef
    lyzkgpio.o(.ARM.exidx) refers to lyzkgpio.o(i._ZN8LyzkGpio6SetPinEt) for i._ZN8LyzkGpio6SetPinEt
    lyzkgpio.o(.ARM.exidx) refers to lyzkgpio.o(i._ZN8LyzkGpio25ActivateAlternateFunctionEv) for i._ZN8LyzkGpio25ActivateAlternateFunctionEv
    lyzkgpio.o(.ARM.exidx) refers to lyzkgpio.o(i._ZN8LyzkGpio4InitE10GpioConfig) for i._ZN8LyzkGpio4InitE10GpioConfig
    lyzkgpio.o(.ARM.exidx) refers to lyzkgpio.o(i._ZN8LyzkGpio3SetEv) for i._ZN8LyzkGpio3SetEv
    lyzkgpio.o(.ARM.exidx) refers to lyzkgpio.o(i._ZN8LyzkGpio5ResetEv) for i._ZN8LyzkGpio5ResetEv
    main.o(i.main) refers to lyzkusart.o(i._ZN9LyzkUsartC1Ev) for LyzkUsart::LyzkUsart()
    main.o(i.main) refers to lyzkgpio.o(i._ZN8LyzkGpioC1Ev) for LyzkGpio::LyzkGpio()
    main.o(i.main) refers to lyzkgpio.o(i._ZN8LyzkGpio8SetGPIOxEP12GPIO_TypeDef) for LyzkGpio::SetGPIOx(GPIO_TypeDef*)
    main.o(i.main) refers to lyzkgpio.o(i._ZN8LyzkGpio6SetPinEt) for LyzkGpio::SetPin(unsigned short)
    main.o(i.main) refers to lyzkgpio.o(i._ZN8LyzkGpio4InitE10GpioConfig) for LyzkGpio::Init(GpioConfig)
    main.o(i.main) refers to lyzkusart.o(i._ZN9LyzkUsart8SetUSARTEP13USART_TypeDef) for LyzkUsart::SetUSART(USART_TypeDef*)
    main.o(i.main) refers to lyzkusart.o(i._ZN9LyzkUsart4InitEP17USART_InitTypeDef) for LyzkUsart::Init(USART_InitTypeDef*)
    main.o(i.main) refers to lyzkgpio.o(i._ZN8LyzkGpio3SetEv) for LyzkGpio::Set()
    main.o(i.main) refers to lyzkusart.o(i._ZN9LyzkUsart7PutCharEh) for LyzkUsart::PutChar(unsigned char)
    main.o(i.main) refers to lyzkusart.o(i._ZN9LyzkUsart6PrintfEPKcz) for LyzkUsart::Printf(const char*, ...)
    main.o(i.main) refers to lyzkgpio.o(i._ZN8LyzkGpio5ResetEv) for LyzkGpio::Reset()
    main.o(.ARM.exidx) refers to main.o(i.main) for i.main
    lyzkusart.o(i._ZN9LyzkUsart4InitEP17USART_InitTypeDef) refers to stm32f10x_rcc.o(i.RCC_APB2PeriphClockCmd) for RCC_APB2PeriphClockCmd
    lyzkusart.o(i._ZN9LyzkUsart4InitEP17USART_InitTypeDef) refers to lyzkgpio.o(i._ZN8LyzkGpio8SetGPIOxEP12GPIO_TypeDef) for LyzkGpio::SetGPIOx(GPIO_TypeDef*)
[...]
    lc_numeric_c.o(locale$$code) refers to strcmpv7m.o(.text) for strcmp
    lc_numeric_c.o(locale$$code) refers to lc_numeric_c.o(locale$$data) for __lcnum_c_name
    istatus.o(x$fpl$ieeestatus) refers (Special) to usenofp.o(x$fpl$usenofp) for __I$use$fp
    fpclassify.o(i.__ARM_fpclassify) refers (Special) to usenofp.o(x$fpl$usenofp) for __I$use$fp
    libspace.o(.text) refers to libspace.o(.bss) for __libspace_start
    sys_stackheap_outer.o(.text) refers to libspace.o(.text) for __user_perproc_libspace
    sys_stackheap_outer.o(.text) refers to startup_stm32f10x_md.o(.text) for __user_initial_stackheap
    exit.o(.text) refers to rtexit.o(.ARM.Collect$$rtexit$$00000000) for __rt_exit
    libinit.o(.ARM.Collect$$libinit$$00000000) refers (Special) to libinit2.o(.ARM.Collect$$libinit$$0000002E) for __rt_lib_init_alloca_1
    libinit.o(.ARM.Collect$$libinit$$00000000) refers (Special) to libinit2.o(.ARM.Collect$$libinit$$0000002C) for __rt_lib_init_argv_1
    libinit.o(.ARM.Collect$$libinit$$00000000) refers (Special) to libinit2.o(.ARM.Collect$$libinit$$0000001B) for __rt_lib_init_atexit_1
    libinit.o(.ARM.Collect$$libinit$$00000000) refers (Special) to libinit2.o(.ARM.Collect$$libinit$$00000021) for __rt_lib_init_clock_1
    libinit.o(.ARM.Collect$$libinit$$00000000) refers (Special) to libinit2.o(.ARM.Collect$$libinit$$00000032) for __rt_lib_init_cpp_1
    libinit.o(.ARM.Collect$$libinit$$00000000) refers (Special) to libinit2.o(.ARM.Collect$$libinit$$00000030) for __rt_lib_init_exceptions_1
    libinit.o(.ARM.Collect$$libinit$$00000000) refers (Special) to libinit2.o(.ARM.Collect$$libinit$$00000002) for __rt_lib_init_fp_1
    libinit.o(.ARM.Collect$$libinit$$00000000) refers (Special) to libinit2.o(.ARM.Collect$$libinit$$0000001F) for __rt_lib_init_fp_trap_1
    libinit.o(.ARM.Collect$$libinit$$00000000) refers (Special) to libinit2.o(.ARM.Collect$$libinit$$00000023) for __rt_lib_init_getenv_1
    libinit.o(.ARM.Collect$$libinit$$00000000) refers (Special) to libinit2.o(.ARM.Collect$$libinit$$0000000A) for __rt_lib_init_heap_1
    libinit.o(.ARM.Collect$$libinit$$00000000) refers (Special) to libinit2.o(.ARM.Collect$$libinit$$00000011) for __rt_lib_init_lc_collate_1
    libinit.o(.ARM.Collect$$libinit$$00000000) refers (Special) to libinit2.o(.ARM.Collect$$libinit$$00000013) for __rt_lib_init_lc_ctype_1
    libinit.o(.ARM.Collect$$libinit$$00000000) refers (Special) to libinit2.o(.ARM.Collect$$libinit$$00000015) for __rt_lib_init_lc_monetary_1
    libinit.o(.ARM.Collect$$libinit$$00000000) refers (Special) to libinit2.o(.ARM.Collect$$libinit$$00000017) for __rt_lib_init_lc_numeric_1
    libinit.o(.ARM.Collect$$libinit$$00000000) refers (Special) to libinit2.o(.ARM.Collect$$libinit$$00000019) for __rt_lib_init_lc_time_1
    libinit.o(.ARM.Collect$$libinit$$00000000) refers (Special) to libinit2.o(.ARM.Collect$$libinit$$00000004) for __rt_lib_init_preinit_1
    libinit.o(.ARM.Collect$$libinit$$00000000) refers (Special) to libinit2.o(.ARM.Collect$$libinit$$0000000E) for __rt_lib_init_rand_1
    libinit.o(.ARM.Collect$$libinit$$00000000) refers (Special) to libinit2.o(.ARM.Collect$$libinit$$00000033) for __rt_lib_init_return
    libinit.o(.ARM.Collect$$libinit$$00000000) refers (Special) to libinit2.o(.ARM.Collect$$libinit$$0000001D) for __rt_lib_init_signal_1
    libinit.o(.ARM.Collect$$libinit$$00000000) refers (Special) to libinit2.o(.ARM.Collect$$libinit$$00000025) for __rt_lib_init_stdio_1
    libinit.o(.ARM.Collect$$libinit$$00000000) refers (Special) to libinit2.o(.ARM.Collect$$libinit$$0000000C) for __rt_lib_init_user_alloc_1
    libinit2.o(.ARM.Collect$$libinit$$0000000F) refers (Weak) to rt_locale_intlibspace.o(.text) for __rt_locale
    libinit2.o(.ARM.Collect$$libinit$$00000010) refers to libinit2.o(.ARM.Collect$$libinit$$0000000F) for .ARM.Collect$$libinit$$0000000F
    libinit2.o(.ARM.Collect$$libinit$$00000012) refers to libinit2.o(.ARM.Collect$$libinit$$0000000F) for .ARM.Collect$$libinit$$0000000F
    libinit2.o(.ARM.Collect$$libinit$$00000014) refers to libinit2.o(.ARM.Collect$$libinit$$0000000F) for .ARM.Collect$$libinit$$0000000F
    libinit2.o(.ARM.Collect$$libinit$$00000016) refers to libinit2.o(.ARM.Collect$$libinit$$0000000F) for .ARM.Collect$$libinit$$0000000F
    libinit2.o(.ARM.Collect$$libinit$$00000016) refers (Weak) to lc_numeric_c.o(locale$$code) for _get_lc_numeric
    libinit2.o(.ARM.Collect$$libinit$$00000018) refers to libinit2.o(.ARM.Collect$$libinit$$0000000F) for .ARM.Collect$$libinit$$0000000F
    libinit2.o(.ARM.Collect$$libinit$$00000026) refers to argv_veneer.o(.emb_text) for __ARM_argv_veneer
    libinit2.o(.ARM.Collect$$libinit$$00000027) refers to argv_veneer.o(.emb_text) for __ARM_argv_veneer
    rtexit.o(.ARM.Collect$$rtexit$$00000000) refers (Special) to rtexit2.o(.ARM.Collect$$rtexit$$00000004) for __rt_exit_exit
    rtexit.o(.ARM.Collect$$rtexit$$00000000) refers (Special) to rtexit2.o(.ARM.Collect$$rtexit$$00000003) for __rt_exit_ls
    rtexit.o(.ARM.Collect$$rtexit$$00000000) refers (Special) to rtexit2.o(.ARM.Collect$$rtexit$$00000002) for __rt_exit_prels_1
    rtexit.o(.ARM.exidx) refers (Special) to rtexit2.o(.ARM.Collect$$rtexit$$00000004) for __rt_exit_exit
    rtexit.o(.ARM.exidx) refers (Special) to rtexit2.o(.ARM.Collect$$rtexit$$00000003) for __rt_exit_ls
    rtexit.o(.ARM.exidx) refers (Special) to rtexit2.o(.ARM.Collect$$rtexit$$00000002) for __rt_exit_prels_1
    rtexit.o(.ARM.exidx) refers to rtexit.o(.ARM.Collect$$rtexit$$00000000) for .ARM.Collect$$rtexit$$00000000
    argv_veneer.o(.emb_text) refers to no_argv.o(.text) for __ARM_get_argv
    rtexit2.o(.ARM.Collect$$rtexit$$00000003) refers to libshutdown.o(.ARM.Collect$$libshutdown$$00000000) for __rt_lib_shutdown
    rtexit2.o(.ARM.Collect$$rtexit$$00000004) refers to sys_exit.o(.text) for _sys_exit
    rtexit2.o(.ARM.exidx) refers to rtexit2.o(.ARM.Collect$$rtexit$$00000001) for .ARM.Collect$$rtexit$$00000001
    rtexit2.o(.ARM.exidx) refers to rtexit2.o(.ARM.Collect$$rtexit$$00000003) for .ARM.Collect$$rtexit$$00000003
    rtexit2.o(.ARM.exidx) refers to rtexit2.o(.ARM.Collect$$rtexit$$00000004) for .ARM.Collect$$rtexit$$00000004
    _get_argv_nomalloc.o(.text) refers (Special) to hrguard.o(.text) for __heap_region$guard
    _get_argv_nomalloc.o(.text) refers to defsig_rtmem_outer.o(.text) for __rt_SIGRTMEM
    _get_argv_nomalloc.o(.text) refers to sys_command.o(.text) for _sys_command_string
    sys_command.o(.text) refers (Special) to use_no_semi.o(.text) for __I$use$semihosting
    sys_command.o(.text) refers (Special) to indicate_semi.o(.text) for __semihosting_library_function
    sys_exit.o(.text) refers (Special) to use_no_semi.o(.text) for __I$use$semihosting
    sys_exit.o(.text) refers (Special) to indicate_semi.o(.text) for __semihosting_library_function
    defsig_rtmem_outer.o(.text) refers to defsig_rtmem_inner.o(.text) for __rt_SIGRTMEM_inner
    defsig_rtmem_outer.o(.text) refers to defsig_exit.o(.text) for __sig_exit
    defsig_rtmem_formal.o(.text) refers to rt_raise.o(.text) for __rt_raise
    libshutdown.o(.ARM.Collect$$libshutdown$$00000000) refers (Special) to libshutdown2.o(.ARM.Collect$$libshutdown$$00000006) for __rt_lib_shutdown_fp_trap_1
    libshutdown.o(.ARM.Collect$$libshutdown$$00000000) refers (Special) to libshutdown2.o(.ARM.Collect$$libshutdown$$0000000E) for __rt_lib_shutdown_heap_1
    libshutdown.o(.ARM.Collect$$libshutdown$$00000000) refers (Special) to libshutdown2.o(.ARM.Collect$$libshutdown$$0000000F) for __rt_lib_shutdown_return
    libshutdown.o(.ARM.Collect$$libshutdown$$00000000) refers (Special) to libshutdown2.o(.ARM.Collect$$libshutdown$$00000009) for __rt_lib_shutdown_signal_1
    libshutdown.o(.ARM.Collect$$libshutdown$$00000000) refers (Special) to libshutdown2.o(.ARM.Collect$$libshutdown$$00000003) for __rt_lib_shutdown_stdio_1
    libshutdown.o(.ARM.Collect$$libshutdown$$00000000) refers (Special) to libshutdown2.o(.ARM.Collect$$libshutdown$$0000000B) for __rt_lib_shutdown_user_alloc_1
    rt_raise.o(.text) refers to __raise.o(.text) for __raise
    rt_raise.o(.text) refers to sys_exit.o(.text) for _sys_exit
    defsig_exit.o(.text) refers to sys_exit.o(.text) for _sys_exit
    defsig_rtmem_inner.o(.text) refers to defsig_general.o(.text) for __default_signal_display
    __raise.o(.text) refers to defsig.o(CL$$defsig) for __default_signal_handler
    defsig_general.o(.text) refers to sys_wrch.o(.text) for _ttywrch
    sys_wrch.o(.text) refers (Special) to use_no_semi.o(.text) for __I$use$semihosting
    sys_wrch.o(.text) refers (Special) to indicate_semi.o(.text) for __semihosting_library_function
    defsig.o(CL$$defsig) refers to defsig_rtmem_inner.o(.text) for __rt_SIGRTMEM_inner
    defsig_abrt_inner.o(.text) refers to defsig_general.o(.text) for __default_signal_display
    defsig_fpe_inner.o(.text) refers to defsig_general.o(.text) for __default_signal_display
    defsig_rtred_inner.o(.text) refers to defsig_general.o(.text) for __default_signal_display
    defsig_stak_inner.o(.text) refers to defsig_general.o(.text) for __default_signal_display
    defsig_pvfn_inner.o(.text) refers to defsig_general.o(.text) for __default_signal_display
    defsig_cppl_inner.o(.text) refers to defsig_general.o(.text) for __default_signal_display
    defsig_segv_inner.o(.text) refers to defsig_general.o(.text) for __default_signal_display
    defsig_other.o(.text) refers to defsig_general.o(.text) for __default_signal_display


==============================================================================

Removing Unused input sections from the image.

    Removing core_cm3.o(.emb_text), (32 bytes).
    Removing system_stm32f10x.o(i.SystemCoreClockUpdate), (164 bytes).
    Removing system_stm32f10x.o(.data), (20 bytes).
    Removing stm32f10x_gpio.o(i.GPIO_AFIODeInit), (20 bytes).
    Removing stm32f10x_gpio.o(i.GPIO_DeInit), (200 bytes).
    Removing stm32f10x_gpio.o(i.GPIO_ETH_MediaInterfaceConfig), (12 bytes).
    Removing stm32f10x_gpio.o(i.GPIO_EXTILineConfig), (64 bytes).
    Removing stm32f10x_gpio.o(i.GPIO_EventOutputCmd), (12 bytes).
    Removing stm32f10x_gpio.o(i.GPIO_EventOutputConfig), (32 bytes).
    Removing stm32f10x_gpio.o(i.GPIO_PinLockConfig), (18 bytes).
    Removing stm32f10x_gpio.o(i.GPIO_PinRemapConfig), (144 bytes).
    Removing stm32f10x_gpio.o(i.GPIO_ReadInputData), (8 bytes).
    Removing stm32f10x_gpio.o(i.GPIO_ReadInputDataBit), (18 bytes).
    Removing stm32f10x_gpio.o(i.GPIO_ReadOutputData), (8 bytes).
    Removing stm32f10x_gpio.o(i.GPIO_ReadOutputDataBit), (18 bytes).
    Removing stm32f10x_gpio.o(i.GPIO_StructInit), (16 bytes).
    Removing stm32f10x_gpio.o(i.GPIO_Write), (4 bytes).
    Removing stm32f10x_gpio.o(i.GPIO_WriteBit), (10 bytes).
    Removing stm32f10x_rcc.o(i.RCC_ADCCLKConfig), (24 bytes).
    Removing stm32f10x_rcc.o(i.RCC_AHBPeriphClockCmd), (32 bytes).
    Removing stm32f10x_rcc.o(i.RCC_APB1PeriphResetCmd), (32 bytes).
    Removing stm32f10x_rcc.o(i.RCC_APB2PeriphResetCmd), (32 bytes).
    Removing stm32f10x_rcc.o(i.RCC_AdjustHSICalibrationValue), (24 bytes).
    Removing stm32f10x_rcc.o(i.RCC_BackupResetCmd), (12 bytes).
    Removing stm32f10x_rcc.o(i.RCC_ClearFlag), (20 bytes).
    Removing stm32f10x_rcc.o(i.RCC_ClearITPendingBit), (12 bytes).
    Removing stm32f10x_rcc.o(i.RCC_ClockSecuritySystemCmd), (12 bytes).
    Removing stm32f10x_rcc.o(i.RCC_DeInit), (76 bytes).
    Removing stm32f10x_rcc.o(i.RCC_GetFlagStatus), (60 bytes).
    Removing stm32f10x_rcc.o(i.RCC_GetITStatus), (24 bytes).
    Removing stm32f10x_rcc.o(i.RCC_GetSYSCLKSource), (16 bytes).
    Removing stm32f10x_rcc.o(i.RCC_HCLKConfig), (24 bytes).
    Removing stm32f10x_rcc.o(i.RCC_HSEConfig), (76 bytes).
    Removing stm32f10x_rcc.o(i.RCC_HSICmd), (12 bytes).
    Removing stm32f10x_rcc.o(i.RCC_ITConfig), (32 bytes).
    Removing stm32f10x_rcc.o(i.RCC_LSEConfig), (52 bytes).
    Removing stm32f10x_rcc.o(i.RCC_LSICmd), (12 bytes).
    Removing stm32f10x_rcc.o(i.RCC_MCOConfig), (12 bytes).
    Removing stm32f10x_rcc.o(i.RCC_PCLK1Config), (24 bytes).
    Removing stm32f10x_rcc.o(i.RCC_PCLK2Config), (24 bytes).
    Removing stm32f10x_rcc.o(i.RCC_PLLCmd), (12 bytes).
    Removing stm32f10x_rcc.o(i.RCC_PLLConfig), (28 bytes).
    Removing stm32f10x_rcc.o(i.RCC_RTCCLKCmd), (12 bytes).
    Removing stm32f10x_rcc.o(i.RCC_RTCCLKConfig), (16 bytes).
    Removing stm32f10x_rcc.o(i.RCC_SYSCLKConfig), (24 bytes).
    Removing stm32f10x_rcc.o(i.RCC_USBCLKConfig), (12 bytes).
    Removing stm32f10x_rcc.o(i.RCC_WaitForHSEStartUp), (56 bytes).
    Removing stm32f10x_usart.o(i.USART_ClearITPendingBit), (30 bytes).
    Removing stm32f10x_usart.o(i.USART_ClockInit), (34 bytes).
    Removing stm32f10x_usart.o(i.USART_ClockStructInit), (12 bytes).
    Removing stm32f10x_usart.o(i.USART_DMACmd), (18 bytes).
    Removing stm32f10x_usart.o(i.USART_DeInit), (156 bytes).
    Removing stm32f10x_usart.o(i.USART_GetITStatus), (84 bytes).
    Removing stm32f10x_usart.o(i.USART_HalfDuplexCmd), (24 bytes).
    Removing stm32f10x_usart.o(i.USART_ITConfig), (74 bytes).
    Removing stm32f10x_usart.o(i.USART_IrDACmd), (24 bytes).
    Removing stm32f10x_usart.o(i.USART_IrDAConfig), (18 bytes).
    Removing stm32f10x_usart.o(i.USART_LINBreakDetectLengthConfig), (18 bytes).
    Removing stm32f10x_usart.o(i.USART_LINCmd), (24 bytes).
    Removing stm32f10x_usart.o(i.USART_OneBitMethodCmd), (24 bytes).
    Removing stm32f10x_usart.o(i.USART_OverSampling8Cmd), (22 bytes).
    Removing stm32f10x_usart.o(i.USART_ReceiveData), (10 bytes).
    Removing stm32f10x_usart.o(i.USART_ReceiverWakeUpCmd), (24 bytes).
    Removing stm32f10x_usart.o(i.USART_SendBreak), (10 bytes).
    Removing stm32f10x_usart.o(i.USART_SetAddress), (18 bytes).
    Removing stm32f10x_usart.o(i.USART_SetGuardTime), (16 bytes).
    Removing stm32f10x_usart.o(i.USART_SetPrescaler), (16 bytes).
    Removing stm32f10x_usart.o(i.USART_SmartCardCmd), (24 bytes).
    Removing stm32f10x_usart.o(i.USART_SmartCardNACKCmd), (24 bytes).
    Removing stm32f10x_usart.o(i.USART_StructInit), (24 bytes).
    Removing stm32f10x_usart.o(i.USART_WakeUpConfig), (18 bytes).
    Removing lyzkgpio.o(i._ZN8LyzkGpio25ActivateAlternateFunctionEv), (6 bytes).
    Removing lyzkgpio.o(.ARM.exidx), (8 bytes).
    Removing lyzkgpio.o(.ARM.exidx), (8 bytes).
    Removing lyzkgpio.o(.ARM.exidx), (8 bytes).
    Removing lyzkgpio.o(.ARM.exidx), (8 bytes).
    Removing lyzkgpio.o(.ARM.exidx), (8 bytes).
    Removing lyzkgpio.o(.ARM.exidx), (8 bytes).
    Removing lyzkgpio.o(.ARM.exidx), (8 bytes).
    Removing main.o(.ARM.exidx), (8 bytes).
    Removing lyzkusart.o(i._ZN9LyzkUsart13IsInitializedEv), (6 bytes).
    Removing lyzkusart.o(i._ZN9LyzkUsart7GetCharEv), (28 bytes).
    Removing lyzkusart.o(.ARM.exidx), (8 bytes).
    Removing lyzkusart.o(.ARM.exidx), (8 bytes).
    Removing lyzkusart.o(.ARM.exidx), (8 bytes).
    Removing lyzkusart.o(.ARM.exidx), (8 bytes).
    Removing lyzkusart.o(.ARM.exidx), (8 bytes).
    Removing lyzkusart.o(.ARM.exidx), (8 bytes).
    Removing lyzkusart.o(.ARM.exidx), (8 bytes).

89 unused section(s) (total 2510 bytes) removed from the image.

==============================================================================

Image Symbol Table

    Local Symbols

    Symbol Name                              Value     Ov Type        Size  Object(Section)

    ../clib/angel/boardlib.s                 0x00000000   Number         0  boardinit3.o ABSOLUTE
    ../clib/angel/boardlib.s                 0x00000000   Number         0  boardinit1.o ABSOLUTE
    ../clib/angel/boardlib.s                 0x00000000   Number         0  boardinit2.o ABSOLUTE
    ../clib/angel/boardlib.s                 0x00000000   Number         0  boardshut.o ABSOLUTE
    ../clib/angel/handlers.s                 0x00000000   Number         0  __scatter_zi.o ABSOLUTE
    ../clib/angel/handlers.s                 0x00000000   Number         0  __scatter_copy.o ABSOLUTE
    ../clib/angel/kernel.s                   0x00000000   Number         0  __rtentry.o ABSOLUTE
    ../clib/angel/kernel.s                   0x00000000   Number         0  __rtentry4.o ABSOLUTE
    ../clib/angel/kernel.s                   0x00000000   Number         0  __rtentry2.o ABSOLUTE
    ../clib/angel/kernel.s                   0x00000000   Number         0  rtexit2.o ABSOLUTE
    ../clib/angel/kernel.s                   0x00000000   Number         0  rtexit.o ABSOLUTE
    ../clib/angel/rt.s                       0x00000000   Number         0  rt_locale_intlibspace.o ABSOLUTE
    ../clib/angel/rt.s                       0x00000000   Number         0  rt_locale.o ABSOLUTE
    ../clib/angel/rt.s                       0x00000000   Number         0  rt_raise.o ABSOLUTE
    ../clib/angel/scatter.s                  0x00000000   Number         0  __scatter.o ABSOLUTE
    ../clib/angel/startup.s                  0x00000000   Number         0  __main.o ABSOLUTE
    ../clib/angel/sys.s                      0x00000000   Number         0  sys_stackheap_outer.o ABSOLUTE
    ../clib/angel/sys.s                      0x00000000   Number         0  libspace.o ABSOLUTE
    ../clib/angel/sys.s                      0x00000000   Number         0  use_no_semi.o ABSOLUTE
    ../clib/angel/sys.s                      0x00000000   Number         0  indicate_semi.o ABSOLUTE
    ../clib/angel/sysapp.c                   0x00000000   Number         0  sys_exit.o ABSOLUTE
    ../clib/angel/sysapp.c                   0x00000000   Number         0  sys_command.o ABSOLUTE
    ../clib/angel/sysapp.c                   0x00000000   Number         0  sys_wrch.o ABSOLUTE
    ../clib/armsys.c                         0x00000000   Number         0  no_argv.o ABSOLUTE
    ../clib/armsys.c                         0x00000000   Number         0  argv_veneer.o ABSOLUTE
    ../clib/armsys.c                         0x00000000   Number         0  argv_veneer.o ABSOLUTE
    ../clib/armsys.c                         0x00000000   Number         0  _get_argv_nomalloc.o ABSOLUTE
    ../clib/bigflt.c                         0x00000000   Number         0  bigflt0.o ABSOLUTE
    ../clib/btod.s                           0x00000000   Number         0  btod.o ABSOLUTE
    ../clib/heapalloc.c                      0x00000000   Number         0  hrguard.o ABSOLUTE
    ../clib/heapaux.c                        0x00000000   Number         0  heapauxi.o ABSOLUTE
    ../clib/libinit.s                        0x00000000   Number         0  libinit2.o ABSOLUTE
    ../clib/libinit.s                        0x00000000   Number         0  libshutdown2.o ABSOLUTE
    ../clib/libinit.s                        0x00000000   Number         0  libshutdown.o ABSOLUTE
    ../clib/libinit.s                        0x00000000   Number         0  libinit.o ABSOLUTE
    ../clib/locale.s                         0x00000000   Number         0  lc_numeric_c.o ABSOLUTE
    ../clib/longlong.s                       0x00000000   Number         0  lludiv10.o ABSOLUTE
    ../clib/memcpset.s                       0x00000000   Number         0  strcmpv7m.o ABSOLUTE
    ../clib/memcpset.s                       0x00000000   Number         0  rt_memclr_w.o ABSOLUTE
    ../clib/misc.s                           0x00000000   Number         0  printf_stubs.o ABSOLUTE
    ../clib/printf.c                         0x00000000   Number         0  __printf_wp.o ABSOLUTE
    ../clib/printf.c                         0x00000000   Number         0  __printf_flags_wp.o ABSOLUTE
    ../clib/printf.c                         0x00000000   Number         0  _printf_hex_int_ptr.o ABSOLUTE
    ../clib/printf.c                         0x00000000   Number         0  _printf_hex_ptr.o ABSOLUTE
    ../clib/printf.c                         0x00000000   Number         0  _printf_hex_int_ll.o ABSOLUTE
    ../clib/printf.c                         0x00000000   Number         0  __printf_flags_ss_wp.o ABSOLUTE
    ../clib/printf.c                         0x00000000   Number         0  _printf_hex_int.o ABSOLUTE
    ../clib/printf.c                         0x00000000   Number         0  _printf_hex_ll.o ABSOLUTE
    ../clib/printf.c                         0x00000000   Number         0  _printf_oct_int.o ABSOLUTE
    ../clib/printf.c                         0x00000000   Number         0  __2snprintf.o ABSOLUTE
    ../clib/printf.c                         0x00000000   Number         0  __printf_ss_wp.o ABSOLUTE
    ../clib/printf.c                         0x00000000   Number         0  noretval__2snprintf.o ABSOLUTE
    ../clib/printf.c                         0x00000000   Number         0  __printf.o ABSOLUTE
    ../clib/printf.c                         0x00000000   Number         0  _printf_pad.o ABSOLUTE
    ../clib/printf.c                         0x00000000   Number         0  _sputc.o ABSOLUTE
    ../clib/printf.c                         0x00000000   Number         0  _printf_str.o ABSOLUTE
    ../clib/printf.c                         0x00000000   Number         0  _printf_char_common.o ABSOLUTE
    ../clib/printf.c                         0x00000000   Number         0  _printf_charcount.o ABSOLUTE
    ../clib/printf.c                         0x00000000   Number         0  _printf_hex_int_ll_ptr.o ABSOLUTE
    ../clib/printf.c                         0x00000000   Number         0  _printf_longlong_dec.o ABSOLUTE
    ../clib/printf.c                         0x00000000   Number         0  _snputc.o ABSOLUTE
    ../clib/printf.c                         0x00000000   Number         0  _printf_oct_ll.o ABSOLUTE
    ../clib/printf.c                         0x00000000   Number         0  _printf_fp_infnan.o ABSOLUTE
    ../clib/printf.c                         0x00000000   Number         0  _printf_hex_ll_ptr.o ABSOLUTE
    ../clib/printf.c                         0x00000000   Number         0  _printf_char.o ABSOLUTE
    ../clib/printf.c                         0x00000000   Number         0  _printf_intcommon.o ABSOLUTE
    ../clib/printf.c                         0x00000000   Number         0  __printf_flags.o ABSOLUTE
    ../clib/printf.c                         0x00000000   Number         0  _printf_oct_int_ll.o ABSOLUTE
    ../clib/printf.c                         0x00000000   Number         0  __printf_ss.o ABSOLUTE
    ../clib/printf.c                         0x00000000   Number         0  _printf_fp_hex.o ABSOLUTE
    ../clib/printf.c                         0x00000000   Number         0  __printf_flags_ss.o ABSOLUTE
    ../clib/printf.c                         0x00000000   Number         0  _printf_fp_dec.o ABSOLUTE
    ../clib/printf.c                         0x00000000   Number         0  __printf_nopercent.o ABSOLUTE
    ../clib/printf_percent.s                 0x00000000   Number         0  _printf_lli.o ABSOLUTE
    ../clib/printf_percent.s                 0x00000000   Number         0  _printf_ll.o ABSOLUTE
    ../clib/printf_percent.s                 0x00000000   Number         0  _printf_lld.o ABSOLUTE
    ../clib/printf_percent.s                 0x00000000   Number         0  _printf_s.o ABSOLUTE
    ../clib/printf_percent.s                 0x00000000   Number         0  _printf_llu.o ABSOLUTE
    ../clib/printf_percent.s                 0x00000000   Number         0  _printf_llo.o ABSOLUTE
    ../clib/printf_percent.s                 0x00000000   Number         0  _printf_llx.o ABSOLUTE
    ../clib/printf_percent.s                 0x00000000   Number         0  _printf_n.o ABSOLUTE
    ../clib/printf_percent.s                 0x00000000   Number         0  _printf_p.o ABSOLUTE
    ../clib/printf_percent.s                 0x00000000   Number         0  _printf_f.o ABSOLUTE
    ../clib/printf_percent.s                 0x00000000   Number         0  _printf_e.o ABSOLUTE
    ../clib/printf_percent.s                 0x00000000   Number         0  _printf_g.o ABSOLUTE
    ../clib/printf_percent.s                 0x00000000   Number         0  _printf_a.o ABSOLUTE
    ../clib/printf_percent.s                 0x00000000   Number         0  _printf_percent_end.o ABSOLUTE
    ../clib/printf_percent.s                 0x00000000   Number         0  _printf_percent.o ABSOLUTE
    ../clib/signal.c                         0x00000000   Number         0  defsig_rtmem_outer.o ABSOLUTE
    ../clib/signal.c                         0x00000000   Number         0  defsig_rtmem_formal.o ABSOLUTE
    ../clib/signal.c                         0x00000000   Number         0  defsig_exit.o ABSOLUTE
    ../clib/signal.c                         0x00000000   Number         0  defsig_abrt_inner.o ABSOLUTE
    ../clib/signal.c                         0x00000000   Number         0  defsig_rtmem_inner.o ABSOLUTE
    ../clib/signal.c                         0x00000000   Number         0  defsig_segv_inner.o ABSOLUTE
    ../clib/signal.c                         0x00000000   Number         0  __raise.o ABSOLUTE
    ../clib/signal.c                         0x00000000   Number         0  defsig_fpe_inner.o ABSOLUTE
    ../clib/signal.c                         0x00000000   Number         0  defsig_general.o ABSOLUTE
    ../clib/signal.c                         0x00000000   Number         0  defsig_rtred_inner.o ABSOLUTE
    ../clib/signal.c                         0x00000000   Number         0  defsig_other.o ABSOLUTE
    ../clib/signal.c                         0x00000000   Number         0  defsig_stak_inner.o ABSOLUTE
    ../clib/signal.c                         0x00000000   Number         0  defsig_pvfn_inner.o ABSOLUTE
    ../clib/signal.c                         0x00000000   Number         0  defsig_cppl_inner.o ABSOLUTE
    ../clib/signal.s                         0x00000000   Number         0  defsig.o ABSOLUTE
    ../clib/stdlib.c                         0x00000000   Number         0  exit.o ABSOLUTE
    ../fplib/fpinit.s                        0x00000000   Number         0  fpinit.o ABSOLUTE
    ../fplib/istatus.s                       0x00000000   Number         0  istatus.o ABSOLUTE
    ../fplib/printf1.s                       0x00000000   Number         0  printf1.o ABSOLUTE
    ../fplib/printf2.s                       0x00000000   Number         0  printf2.o ABSOLUTE
    ../fplib/printf2a.s                      0x00000000   Number         0  printf2a.o ABSOLUTE
    ../fplib/printf2b.s                      0x00000000   Number         0  printf2b.o ABSOLUTE
    ../fplib/usenofp.s                       0x00000000   Number         0  usenofp.o ABSOLUTE
    ../mathlib/fpclassify.c                  0x00000000   Number         0  fpclassify.o ABSOLUTE
    CMSIS\\core_cm3.c                        0x00000000   Number         0  core_cm3.o ABSOLUTE
    CMSIS\core_cm3.c                         0x00000000   Number         0  core_cm3.o ABSOLUTE
    CMSIS\startup\startup_stm32f10x_md.s     0x00000000   Number         0  startup_stm32f10x_md.o ABSOLUTE
    CMSIS\system_stm32f10x.c                 0x00000000   Number         0  system_stm32f10x.o ABSOLUTE
    FWlib\src\stm32f10x_gpio.c               0x00000000   Number         0  stm32f10x_gpio.o ABSOLUTE
    FWlib\src\stm32f10x_rcc.c                0x00000000   Number         0  stm32f10x_rcc.o ABSOLUTE
    FWlib\src\stm32f10x_usart.c              0x00000000   Number         0  stm32f10x_usart.o ABSOLUTE
    User\src\LyzkUsart.cpp                   0x00000000   Number         0  lyzkusart.o ABSOLUTE
    User\src\lyzkgpio.cpp                    0x00000000   Number         0  lyzkgpio.o ABSOLUTE
    dc.s                                     0x00000000   Number         0  dc.o ABSOLUTE
    main.cpp                                 0x00000000   Number         0  main.o ABSOLUTE
    RESET                                    0x08000000   Section      236  startup_stm32f10x_md.o(RESET)
    !!!main                                  0x080000ec   Section        8  __main.o(!!!main)
    !!!scatter                               0x080000f4   Section       52  __scatter.o(!!!scatter)
    !!handler_copy                           0x08000128   Section       26  __scatter_copy.o(!!handler_copy)
    !!handler_zi                             0x08000144   Section       28  __scatter_zi.o(!!handler_zi)
    .ARM.Collect$$_printf_percent$$00000000  0x08000160   Section        0  _printf_percent.o(.ARM.Collect$$_printf_percent$$00000000)
    .ARM.Collect$$_printf_percent$$00000001  0x08000160   Section        6  _printf_n.o(.ARM.Collect$$_printf_percent$$00000001)
    .ARM.Collect$$_printf_percent$$00000002  0x08000166   Section        6  _printf_p.o(.ARM.Collect$$_printf_percent$$00000002)
    .ARM.Collect$$_printf_percent$$00000003  0x0800016c   Section        6  _printf_f.o(.ARM.Collect$$_printf_percent$$00000003)
    .ARM.Collect$$_printf_percent$$00000004  0x08000172   Section        6  _printf_e.o(.ARM.Collect$$_printf_percent$$00000004)
    .ARM.Collect$$_printf_percent$$00000005  0x08000178   Section        6  _printf_g.o(.ARM.Collect$$_printf_percent$$00000005)
    .ARM.Collect$$_printf_percent$$00000006  0x0800017e   Section        6  _printf_a.o(.ARM.Collect$$_printf_percent$$00000006)
    .ARM.Collect$$_printf_percent$$00000007  0x08000184   Section       10  _printf_ll.o(.ARM.Collect$$_printf_percent$$00000007)
    .ARM.Collect$$_printf_percent$$0000000D  0x0800018e   Section        6  _printf_lli.o(.ARM.Collect$$_printf_percent$$0000000D)
    .ARM.Collect$$_printf_percent$$0000000E  0x08000194   Section        6  _printf_lld.o(.ARM.Collect$$_printf_percent$$0000000E)
    .ARM.Collect$$_printf_percent$$0000000F  0x0800019a   Section        6  _printf_llu.o(.ARM.Collect$$_printf_percent$$0000000F)
    .ARM.Collect$$_printf_percent$$00000010  0x080001a0   Section        6  _printf_llo.o(.ARM.Collect$$_printf_percent$$00000010)
    .ARM.Collect$$_printf_percent$$00000011  0x080001a6   Section        6  _printf_llx.o(.ARM.Collect$$_printf_percent$$00000011)
    .ARM.Collect$$_printf_percent$$00000014  0x080001ac   Section        6  _printf_s.o(.ARM.Collect$$_printf_percent$$00000014)
    .ARM.Collect$$_printf_percent$$00000017  0x080001b2   Section        4  _printf_percent_end.o(.ARM.Collect$$_printf_percent$$00000017)
    .ARM.Collect$$libinit$$00000000          0x080001b6   Section        2  libinit.o(.ARM.Collect$$libinit$$00000000)
    .ARM.Collect$$libinit$$00000002          0x080001b8   Section        0  libinit2.o(.ARM.Collect$$libinit$$00000002)
    .ARM.Collect$$libinit$$00000004          0x080001b8   Section        0  libinit2.o(.ARM.Collect$$libinit$$00000004)
    .ARM.Collect$$libinit$$0000000A          0x080001b8   Section        0  libinit2.o(.ARM.Collect$$libinit$$0000000A)
    .ARM.Collect$$libinit$$0000000C          0x080001b8   Section        0  libinit2.o(.ARM.Collect$$libinit$$0000000C)
    .ARM.Collect$$libinit$$0000000E          0x080001b8   Section        0  libinit2.o(.ARM.Collect$$libinit$$0000000E)
    .ARM.Collect$$libinit$$0000000F          0x080001b8   Section        6  libinit2.o(.ARM.Collect$$libinit$$0000000F)
    .ARM.Collect$$libinit$$00000011          0x080001be   Section        0  libinit2.o(.ARM.Collect$$libinit$$00000011)
    .ARM.Collect$$libinit$$00000013          0x080001be   Section        0  libinit2.o(.ARM.Collect$$libinit$$00000013)
    .ARM.Collect$$libinit$$00000015          0x080001be   Section        0  libinit2.o(.ARM.Collect$$libinit$$00000015)
    .ARM.Collect$$libinit$$00000016          0x080001be   Section       10  libinit2.o(.ARM.Collect$$libinit$$00000016)
    .ARM.Collect$$libinit$$00000017          0x080001c8   Section        0  libinit2.o(.ARM.Collect$$libinit$$00000017)
    .ARM.Collect$$libinit$$00000019          0x080001c8   Section        0  libinit2.o(.ARM.Collect$$libinit$$00000019)
    .ARM.Collect$$libinit$$0000001B          0x080001c8   Section        0  libinit2.o(.ARM.Collect$$libinit$$0000001B)
    .ARM.Collect$$libinit$$0000001D          0x080001c8   Section        0  libinit2.o(.ARM.Collect$$libinit$$0000001D)
    .ARM.Collect$$libinit$$0000001F          0x080001c8   Section        0  libinit2.o(.ARM.Collect$$libinit$$0000001F)
    .ARM.Collect$$libinit$$00000021          0x080001c8   Section        0  libinit2.o(.ARM.Collect$$libinit$$00000021)
    .ARM.Collect$$libinit$$00000023          0x080001c8   Section        0  libinit2.o(.ARM.Collect$$libinit$$00000023)
    .ARM.Collect$$libinit$$00000025          0x080001c8   Section        0  libinit2.o(.ARM.Collect$$libinit$$00000025)
    .ARM.Collect$$libinit$$0000002C          0x080001c8   Section        0  libinit2.o(.ARM.Collect$$libinit$$0000002C)
    .ARM.Collect$$libinit$$0000002E          0x080001c8   Section        0  libinit2.o(.ARM.Collect$$libinit$$0000002E)
    .ARM.Collect$$libinit$$00000030          0x080001c8   Section        0  libinit2.o(.ARM.Collect$$libinit$$00000030)
    .ARM.Collect$$libinit$$00000032          0x080001c8   Section        0  libinit2.o(.ARM.Collect$$libinit$$00000032)
    .ARM.Collect$$libinit$$00000033          0x080001c8   Section        2  libinit2.o(.ARM.Collect$$libinit$$00000033)
    .ARM.Collect$$libshutdown$$00000000      0x080001ca   Section        2  libshutdown.o(.ARM.Collect$$libshutdown$$00000000)
    .ARM.Collect$$libshutdown$$00000003      0x080001cc   Section        0  libshutdown2.o(.ARM.Collect$$libshutdown$$00000003)
    .ARM.Collect$$libshutdown$$00000006      0x080001cc   Section        0  libshutdown2.o(.ARM.Collect$$libshutdown$$00000006)
    .ARM.Collect$$libshutdown$$00000009      0x080001cc   Section        0  libshutdown2.o(.ARM.Collect$$libshutdown$$00000009)
    .ARM.Collect$$libshutdown$$0000000B      0x080001cc   Section        0  libshutdown2.o(.ARM.Collect$$libshutdown$$0000000B)
    .ARM.Collect$$libshutdown$$0000000E      0x080001cc   Section        0  libshutdown2.o(.ARM.Collect$$libshutdown$$0000000E)
    .ARM.Collect$$libshutdown$$0000000F      0x080001cc   Section        2  libshutdown2.o(.ARM.Collect$$libshutdown$$0000000F)
    .ARM.Collect$$rtentry$$00000000          0x080001ce   Section        0  __rtentry.o(.ARM.Collect$$rtentry$$00000000)
    .ARM.Collect$$rtentry$$00000002          0x080001ce   Section        0  __rtentry2.o(.ARM.Collect$$rtentry$$00000002)
    .ARM.Collect$$rtentry$$00000004          0x080001ce   Section        6  __rtentry4.o(.ARM.Collect$$rtentry$$00000004)
    .ARM.Collect$$rtentry$$00000009          0x080001d4   Section        0  __rtentry2.o(.ARM.Collect$$rtentry$$00000009)
    .ARM.Collect$$rtentry$$0000000A          0x080001d4   Section        4  __rtentry2.o(.ARM.Collect$$rtentry$$0000000A)
    .ARM.Collect$$rtentry$$0000000C          0x080001d8   Section        0  __rtentry2.o(.ARM.Collect$$rtentry$$0000000C)
    .ARM.Collect$$rtentry$$0000000D          0x080001d8   Section        8  __rtentry2.o(.ARM.Collect$$rtentry$$0000000D)
    .ARM.Collect$$rtexit$$00000000           0x080001e0   Section        2  rtexit.o(.ARM.Collect$$rtexit$$00000000)
    .ARM.Collect$$rtexit$$00000002           0x080001e2   Section        0  rtexit2.o(.ARM.Collect$$rtexit$$00000002)
    .ARM.Collect$$rtexit$$00000003           0x080001e2   Section        4  rtexit2.o(.ARM.Collect$$rtexit$$00000003)
    .ARM.Collect$$rtexit$$00000004           0x080001e6   Section        6  rtexit2.o(.ARM.Collect$$rtexit$$00000004)
    .text                                    0x080001ec   Section       64  startup_stm32f10x_md.o(.text)
    .text                                    0x0800022c   Section        0  __2snprintf.o(.text)
    .text                                    0x08000264   Section        0  _printf_pad.o(.text)
    .text                                    0x080002b2   Section        0  _printf_str.o(.text)
    .text                                    0x08000304   Section        0  _printf_charcount.o(.text)
    .text                                    0x0800032c   Section        0  _printf_longlong_dec.o(.text)
    .text                                    0x080003a8   Section        0  _printf_oct_ll.o(.text)
    .text                                    0x08000400   Section        0  _printf_hex_ll_ptr.o(.text)
    _printf_hex_common                       0x08000401   Thumb Code     0  _printf_hex_ll_ptr.o(.text)
    .text                                    0x08000478   Section        0  __printf_flags_ss_wp.o(.text)
    .text                                    0x08000600   Section       78  rt_memclr_w.o(.text)
    .text                                    0x0800064e   Section        0  heapauxi.o(.text)
    .text                                    0x08000654   Section      138  lludiv10.o(.text)
    .text                                    0x080006de   Section        0  _printf_intcommon.o(.text)
    .text                                    0x08000790   Section        0  _printf_fp_dec.o(.text)
    _fp_digits                               0x08000793   Thumb Code   428  _printf_fp_dec.o(.text)
    .text                                    0x08000bac   Section        0  _printf_fp_hex.o(.text)
    .text                                    0x08000ea8   Section        0  _printf_char_common.o(.text)
    _printf_input_char                       0x08000ea9   Thumb Code    10  _printf_char_common.o(.text)
    .text                                    0x08000ed8   Section        0  _sputc.o(.text)
    .text                                    0x08000ee2   Section        0  _snputc.o(.text)
    .text                                    0x08000ef2   Section        0  _printf_char.o(.text)
    .text                                    0x08000f20   Section        8  rt_locale_intlibspace.o(.text)
    .text                                    0x08000f28   Section        0  _printf_fp_infnan.o(.text)
    .text                                    0x08000fa8   Section        0  bigflt0.o(.text)
    .text                                    0x08001084   Section        8  libspace.o(.text)
    .text                                    0x0800108c   Section       74  sys_stackheap_outer.o(.text)
    .text                                    0x080010d6   Section        0  exit.o(.text)
    .text                                    0x080010e4   Section      128  strcmpv7m.o(.text)
    .text                                    0x08001164   Section        0  sys_exit.o(.text)
    .text                                    0x08001170   Section        2  use_no_semi.o(.text)
    .text                                    0x08001172   Section        0  indicate_semi.o(.text)
    CL$$btod_d2e                             0x08001172   Section       62  btod.o(CL$$btod_d2e)
    CL$$btod_d2e_denorm_low                  0x080011b0   Section       70  btod.o(CL$$btod_d2e_denorm_low)
    CL$$btod_d2e_norm_op1                    0x080011f6   Section       96  btod.o(CL$$btod_d2e_norm_op1)
    CL$$btod_div_common                      0x08001256   Section      824  btod.o(CL$$btod_div_common)
    CL$$btod_e2e                             0x0800158e   Section      198  btod.o(CL$$btod_e2e)
    CL$$btod_ediv                            0x08001654   Section       40  btod.o(CL$$btod_ediv)
    CL$$btod_emul                            0x0800167c   Section       40  btod.o(CL$$btod_emul)
    CL$$btod_mult_common                     0x080016a4   Section      580  btod.o(CL$$btod_mult_common)
    i.GPIO_Init                              0x080018e8   Section        0  stm32f10x_gpio.o(i.GPIO_Init)
    i.GPIO_ResetBits                         0x080019fe   Section        0  stm32f10x_gpio.o(i.GPIO_ResetBits)
    i.GPIO_SetBits                           0x08001a02   Section        0  stm32f10x_gpio.o(i.GPIO_SetBits)
    i.RCC_APB1PeriphClockCmd                 0x08001a08   Section        0  stm32f10x_rcc.o(i.RCC_APB1PeriphClockCmd)
    i.RCC_APB2PeriphClockCmd                 0x08001a28   Section        0  stm32f10x_rcc.o(i.RCC_APB2PeriphClockCmd)
    i.RCC_GetClocksFreq                      0x08001a48   Section        0  stm32f10x_rcc.o(i.RCC_GetClocksFreq)
    i.SetSysClock                            0x08001b1c   Section        0  system_stm32f10x.o(i.SetSysClock)
    SetSysClock                              0x08001b1d   Thumb Code     8  system_stm32f10x.o(i.SetSysClock)
    i.SetSysClockTo72                        0x08001b24   Section        0  system_stm32f10x.o(i.SetSysClockTo72)
    SetSysClockTo72                          0x08001b25   Thumb Code   214  system_stm32f10x.o(i.SetSysClockTo72)
    i.SystemInit                             0x08001c04   Section        0  system_stm32f10x.o(i.SystemInit)
    i.USART_ClearFlag                        0x08001c64   Section        0  stm32f10x_usart.o(i.USART_ClearFlag)
    i.USART_Cmd                              0x08001c76   Section        0  stm32f10x_usart.o(i.USART_Cmd)
    i.USART_GetFlagStatus                    0x08001c8e   Section        0  stm32f10x_usart.o(i.USART_GetFlagStatus)
    i.USART_Init                             0x08001ca8   Section        0  stm32f10x_usart.o(i.USART_Init)
    i.USART_SendData                         0x08001d80   Section        0  stm32f10x_usart.o(i.USART_SendData)
    i._ZN8LyzkGpio3SetEv                     0x08001d88   Section        0  lyzkgpio.o(i._ZN8LyzkGpio3SetEv)
    i._ZN8LyzkGpio4InitE10GpioConfig         0x08001da0   Section        0  lyzkgpio.o(i._ZN8LyzkGpio4InitE10GpioConfig)
    i._ZN8LyzkGpio5ResetEv                   0x08001f20   Section        0  lyzkgpio.o(i._ZN8LyzkGpio5ResetEv)
    i._ZN8LyzkGpio6SetPinEt                  0x08001f38   Section        0  lyzkgpio.o(i._ZN8LyzkGpio6SetPinEt)
    i._ZN8LyzkGpio8SetGPIOxEP12GPIO_TypeDef  0x08001f3c   Section        0  lyzkgpio.o(i._ZN8LyzkGpio8SetGPIOxEP12GPIO_TypeDef)
    i._ZN8LyzkGpioC1Ev                       0x08001f40   Section        0  lyzkgpio.o(i._ZN8LyzkGpioC1Ev)
    i._ZN9LyzkUsart4InitEP17USART_InitTypeDef 0x08001f48   Section        0  lyzkusart.o(i._ZN9LyzkUsart4InitEP17USART_InitTypeDef)
    i._ZN9LyzkUsart6PrintfEPKcz              0x08002024   Section        0  lyzkusart.o(i._ZN9LyzkUsart6PrintfEPKcz)
    i._ZN9LyzkUsart7PutCharEh                0x080022ec   Section        0  lyzkusart.o(i._ZN9LyzkUsart7PutCharEh)
    i._ZN9LyzkUsart8SetUSARTEP13USART_TypeDef 0x08002312   Section        0  lyzkusart.o(i._ZN9LyzkUsart8SetUSARTEP13USART_TypeDef)
    i._ZN9LyzkUsartC1Ev                      0x08002316   Section        0  lyzkusart.o(i._ZN9LyzkUsartC1Ev)
    i.__ARM_fpclassify                       0x0800233a   Section        0  fpclassify.o(i.__ARM_fpclassify)
    i._is_digit                              0x08002362   Section        0  __printf_wp.o(i._is_digit)
    i.main                                   0x08002370   Section        0  main.o(i.main)
    locale$$code                             0x08002464   Section       44  lc_numeric_c.o(locale$$code)
    x$fpl$printf1                            0x08002490   Section        4  printf1.o(x$fpl$printf1)
    x$fpl$printf2                            0x08002494   Section        4  printf2.o(x$fpl$printf2)
    .constdata                               0x08002498   Section       40  _printf_hex_ll_ptr.o(.constdata)
    x$fpl$usenofp                            0x08002498   Section        0  usenofp.o(x$fpl$usenofp)
    uc_hextab                                0x08002498   Data          20  _printf_hex_ll_ptr.o(.constdata)
    lc_hextab                                0x080024ac   Data          20  _printf_hex_ll_ptr.o(.constdata)
    .constdata                               0x080024c0   Section       17  __printf_flags_ss_wp.o(.constdata)
    maptable                                 0x080024c0   Data          17  __printf_flags_ss_wp.o(.constdata)
    .constdata                               0x080024d1   Section       38  _printf_fp_hex.o(.constdata)
    lc_hextab                                0x080024d1   Data          19  _printf_fp_hex.o(.constdata)
    uc_hextab                                0x080024e4   Data          19  _printf_fp_hex.o(.constdata)
    .constdata                               0x080024f8   Section      148  bigflt0.o(.constdata)
    tenpwrs_x                                0x080024f8   Data          60  bigflt0.o(.constdata)
    tenpwrs_i                                0x08002534   Data          64  bigflt0.o(.constdata)
    locale$$data                             0x080025ac   Section       28  lc_numeric_c.o(locale$$data)
    __lcnum_c_name                           0x080025b0   Data           2  lc_numeric_c.o(locale$$data)
    __lcnum_c_start                          0x080025b8   Data           0  lc_numeric_c.o(locale$$data)
    __lcnum_c_point                          0x080025c4   Data           0  lc_numeric_c.o(locale$$data)
    __lcnum_c_thousands                      0x080025c6   Data           0  lc_numeric_c.o(locale$$data)
    __lcnum_c_grouping                       0x080025c7   Data           0  lc_numeric_c.o(locale$$data)
    __lcnum_c_end                            0x080025c8   Data           0  lc_numeric_c.o(locale$$data)
    .data                                    0x20000000   Section       20  stm32f10x_rcc.o(.data)
    APBAHBPrescTable                         0x20000000   Data          16  stm32f10x_rcc.o(.data)
    ADCPrescTable                            0x20000010   Data           4  stm32f10x_rcc.o(.data)
    .bss                                     0x20000014   Section       96  libspace.o(.bss)
    HEAP                                     0x20000078   Section      512  startup_stm32f10x_md.o(HEAP)
    Heap_Mem                                 0x20000078   Data         512  startup_stm32f10x_md.o(HEAP)
    STACK                                    0x20000278   Section     1024  startup_stm32f10x_md.o(STACK)
    Stack_Mem                                0x20000278   Data        1024  startup_stm32f10x_md.o(STACK)
    __initial_sp                             0x20000678   Data           0  startup_stm32f10x_md.o(STACK)

    Global Symbols

    Symbol Name                              Value     Ov Type        Size  Object(Section)

    BuildAttributes$$THM_ISAv4$P$D$K$B$S$PE$A:L22UL41UL21$X:L11$S22US41US21$IEEE1$IW$USESV6$~STKCKD$USESV7$~SHL$OTIME$ROPI$IEEEJ$EBA8$UX$STANDARDLIB$REQ8$PRES8$EABIv2 0x00000000   Number         0  anon$$obj.o ABSOLUTE
    __ARM_use_no_argv                        0x00000000   Number         0  main.o ABSOLUTE
    _printf_flags                            0x00000000   Number         0  printf_stubs.o ABSOLUTE
    _printf_return_value                     0x00000000   Number         0  printf_stubs.o ABSOLUTE
    _printf_sizespec                         0x00000000   Number         0  printf_stubs.o ABSOLUTE
    _printf_widthprec                        0x00000000   Number         0  printf_stubs.o ABSOLUTE
    __ARM_exceptions_init                     - Undefined Weak Reference
    __alloca_initialize                       - Undefined Weak Reference
    __arm_preinit_                            - Undefined Weak Reference
    __cpp_initialize__aeabi_                  - Undefined Weak Reference
    __cxa_finalize                            - Undefined Weak Reference
    __sigvec_lookup                           - Undefined Weak Reference
    _atexit_init                              - Undefined Weak Reference
    _call_atexit_fns                          - Undefined Weak Reference
    _clock_init                               - Undefined Weak Reference
    _fp_trap_init                             - Undefined Weak Reference
    _fp_trap_shutdown                         - Undefined Weak Reference
    _get_lc_collate                           - Undefined Weak Reference
    _get_lc_ctype                             - Undefined Weak Reference
    _get_lc_monetary                          - Undefined Weak Reference
    _get_lc_time                              - Undefined Weak Reference
    _getenv_init                              - Undefined Weak Reference
    _handle_redirection                       - Undefined Weak Reference
    _init_alloc                               - Undefined Weak Reference
    _init_user_alloc                          - Undefined Weak Reference
    _initio                                   - Undefined Weak Reference
    _printf_mbtowc                            - Undefined Weak Reference
    _printf_truncate_unsigned                 - Undefined Weak Reference
    _rand_init                                - Undefined Weak Reference
    _signal_finish                            - Undefined Weak Reference
    _signal_init                              - Undefined Weak Reference
    _terminate_alloc                          - Undefined Weak Reference
    _terminate_user_alloc                     - Undefined Weak Reference
    _terminateio                              - Undefined Weak Reference
    __Vectors_Size                           0x000000ec   Number         0  startup_stm32f10x_md.o ABSOLUTE
    __Vectors                                0x08000000   Data           4  startup_stm32f10x_md.o(RESET)
    __Vectors_End                            0x080000ec   Data           0  startup_stm32f10x_md.o(RESET)
    __main                                   0x080000ed   Thumb Code     8  __main.o(!!!main)
    __scatterload                            0x080000f5   Thumb Code     0  __scatter.o(!!!scatter)
    __scatterload_rt2                        0x080000f5   Thumb Code    44  __scatter.o(!!!scatter)
    __scatterload_rt2_thumb_only             0x080000f5   Thumb Code     0  __scatter.o(!!!scatter)
    __scatterload_null                       0x08000103   Thumb Code     0  __scatter.o(!!!scatter)
    __scatterload_copy                       0x08000129   Thumb Code    26  __scatter_copy.o(!!handler_copy)
    __scatterload_zeroinit                   0x08000145   Thumb Code    28  __scatter_zi.o(!!handler_zi)
    _printf_n                                0x08000161   Thumb Code     0  _printf_n.o(.ARM.Collect$$_printf_percent$$00000001)
    _printf_percent                          0x08000161   Thumb Code     0  _printf_percent.o(.ARM.Collect$$_printf_percent$$00000000)
    _printf_p                                0x08000167   Thumb Code     0  _printf_p.o(.ARM.Collect$$_printf_percent$$00000002)
    _printf_f                                0x0800016d   Thumb Code     0  _printf_f.o(.ARM.Collect$$_printf_percent$$00000003)
    _printf_e                                0x08000173   Thumb Code     0  _printf_e.o(.ARM.Collect$$_printf_percent$$00000004)
    _printf_g                                0x08000179   Thumb Code     0  _printf_g.o(.ARM.Collect$$_printf_percent$$00000005)
    _printf_a                                0x0800017f   Thumb Code     0  _printf_a.o(.ARM.Collect$$_printf_percent$$00000006)
    _printf_ll                               0x08000185   Thumb Code     0  _printf_ll.o(.ARM.Collect$$_printf_percent$$00000007)
    _printf_lli                              0x0800018f   Thumb Code     0  _printf_lli.o(.ARM.Collect$$_printf_percent$$0000000D)
    _printf_lld                              0x08000195   Thumb Code     0  _printf_lld.o(.ARM.Collect$$_printf_percent$$0000000E)
    _printf_llu                              0x0800019b   Thumb Code     0  _printf_llu.o(.ARM.Collect$$_printf_percent$$0000000F)
    _printf_llo                              0x080001a1   Thumb Code     0  _printf_llo.o(.ARM.Collect$$_printf_percent$$00000010)
    _printf_llx                              0x080001a7   Thumb Code     0  _printf_llx.o(.ARM.Collect$$_printf_percent$$00000011)
    _printf_s                                0x080001ad   Thumb Code     0  _printf_s.o(.ARM.Collect$$_printf_percent$$00000014)
    _printf_percent_end                      0x080001b3   Thumb Code     0  _printf_percent_end.o(.ARM.Collect$$_printf_percent$$00000017)
    __rt_lib_init                            0x080001b7   Thumb Code     0  libinit.o(.ARM.Collect$$libinit$$00000000)
    __rt_lib_init_fp_1                       0x080001b9   Thumb Code     0  libinit2.o(.ARM.Collect$$libinit$$00000002)
    __rt_lib_init_heap_1                     0x080001b9   Thumb Code     0  libinit2.o(.ARM.Collect$$libinit$$0000000A)
    __rt_lib_init_lc_common                  0x080001b9   Thumb Code     0  libinit2.o(.ARM.Collect$$libinit$$0000000F)
    __rt_lib_init_preinit_1                  0x080001b9   Thumb Code     0  libinit2.o(.ARM.Collect$$libinit$$00000004)
    __rt_lib_init_rand_1                     0x080001b9   Thumb Code     0  libinit2.o(.ARM.Collect$$libinit$$0000000E)
    __rt_lib_init_user_alloc_1               0x080001b9   Thumb Code     0  libinit2.o(.ARM.Collect$$libinit$$0000000C)
    __rt_lib_init_lc_collate_1               0x080001bf   Thumb Code     0  libinit2.o(.ARM.Collect$$libinit$$00000011)
    __rt_lib_init_lc_ctype_1                 0x080001bf   Thumb Code     0  libinit2.o(.ARM.Collect$$libinit$$00000013)
    __rt_lib_init_lc_monetary_1              0x080001bf   Thumb Code     0  libinit2.o(.ARM.Collect$$libinit$$00000015)
    __rt_lib_init_lc_numeric_2               0x080001bf   Thumb Code     0  libinit2.o(.ARM.Collect$$libinit$$00000016)
    __rt_lib_init_alloca_1                   0x080001c9   Thumb Code     0  libinit2.o(.ARM.Collect$$libinit$$0000002E)
    __rt_lib_init_argv_1                     0x080001c9   Thumb Code     0  libinit2.o(.ARM.Collect$$libinit$$0000002C)
    __rt_lib_init_atexit_1                   0x080001c9   Thumb Code     0  libinit2.o(.ARM.Collect$$libinit$$0000001B)
    __rt_lib_init_clock_1                    0x080001c9   Thumb Code     0  libinit2.o(.ARM.Collect$$libinit$$00000021)
    __rt_lib_init_cpp_1                      0x080001c9   Thumb Code     0  libinit2.o(.ARM.Collect$$libinit$$00000032)
    __rt_lib_init_exceptions_1               0x080001c9   Thumb Code     0  libinit2.o(.ARM.Collect$$libinit$$00000030)
    __rt_lib_init_fp_trap_1                  0x080001c9   Thumb Code     0  libinit2.o(.ARM.Collect$$libinit$$0000001F)
    __rt_lib_init_getenv_1                   0x080001c9   Thumb Code     0  libinit2.o(.ARM.Collect$$libinit$$00000023)
    __rt_lib_init_lc_numeric_1               0x080001c9   Thumb Code     0  libinit2.o(.ARM.Collect$$libinit$$00000017)
    __rt_lib_init_lc_time_1                  0x080001c9   Thumb Code     0  libinit2.o(.ARM.Collect$$libinit$$00000019)
    __rt_lib_init_return                     0x080001c9   Thumb Code     0  libinit2.o(.ARM.Collect$$libinit$$00000033)
    __rt_lib_init_signal_1                   0x080001c9   Thumb Code     0  libinit2.o(.ARM.Collect$$libinit$$0000001D)
    __rt_lib_init_stdio_1                    0x080001c9   Thumb Code     0  libinit2.o(.ARM.Collect$$libinit$$00000025)
    __rt_lib_shutdown                        0x080001cb   Thumb Code     0  libshutdown.o(.ARM.Collect$$libshutdown$$00000000)
    __rt_lib_shutdown_fp_trap_1              0x080001cd   Thumb Code     0  libshutdown2.o(.ARM.Collect$$libshutdown$$00000006)
    __rt_lib_shutdown_heap_1                 0x080001cd   Thumb Code     0  libshutdown2.o(.ARM.Collect$$libshutdown$$0000000E)
    __rt_lib_shutdown_return                 0x080001cd   Thumb Code     0  libshutdown2.o(.ARM.Collect$$libshutdown$$0000000F)
    __rt_lib_shutdown_signal_1               0x080001cd   Thumb Code     0  libshutdown2.o(.ARM.Collect$$libshutdown$$00000009)
    __rt_lib_shutdown_stdio_1                0x080001cd   Thumb Code     0  libshutdown2.o(.ARM.Collect$$libshutdown$$00000003)
    __rt_lib_shutdown_user_alloc_1           0x080001cd   Thumb Code     0  libshutdown2.o(.ARM.Collect$$libshutdown$$0000000B)
    __rt_entry                               0x080001cf   Thumb Code     0  __rtentry.o(.ARM.Collect$$rtentry$$00000000)
    __rt_entry_presh_1                       0x080001cf   Thumb Code     0  __rtentry2.o(.ARM.Collect$$rtentry$$00000002)
    __rt_entry_sh                            0x080001cf   Thumb Code     0  __rtentry4.o(.ARM.Collect$$rtentry$$00000004)
    __rt_entry_li                            0x080001d5   Thumb Code     0  __rtentry2.o(.ARM.Collect$$rtentry$$0000000A)
    __rt_entry_postsh_1                      0x080001d5   Thumb Code     0  __rtentry2.o(.ARM.Collect$$rtentry$$00000009)
    __rt_entry_main                          0x080001d9   Thumb Code     0  __rtentry2.o(.ARM.Collect$$rtentry$$0000000D)
    __rt_entry_postli_1                      0x080001d9   Thumb Code     0  __rtentry2.o(.ARM.Collect$$rtentry$$0000000C)
    __rt_exit                                0x080001e1   Thumb Code     0  rtexit.o(.ARM.Collect$$rtexit$$00000000)
    __rt_exit_ls                             0x080001e3   Thumb Code     0  rtexit2.o(.ARM.Collect$$rtexit$$00000003)
    __rt_exit_prels_1                        0x080001e3   Thumb Code     0  rtexit2.o(.ARM.Collect$$rtexit$$00000002)
    __rt_exit_exit                           0x080001e7   Thumb Code     0  rtexit2.o(.ARM.Collect$$rtexit$$00000004)
    Reset_Handler                            0x080001ed   Thumb Code     8  startup_stm32f10x_md.o(.text)
    NMI_Handler                              0x080001f5   Thumb Code     2  startup_stm32f10x_md.o(.text)
    HardFault_Handler                        0x080001f7   Thumb Code     2  startup_stm32f10x_md.o(.text)
    MemManage_Handler                        0x080001f9   Thumb Code     2  startup_stm32f10x_md.o(.text)
    BusFault_Handler                         0x080001fb   Thumb Code     2  startup_stm32f10x_md.o(.text)
    UsageFault_Handler                       0x080001fd   Thumb Code     2  startup_stm32f10x_md.o(.text)
    SVC_Handler                              0x080001ff   Thumb Code     2  startup_stm32f10x_md.o(.text)
    DebugMon_Handler                         0x08000201   Thumb Code     2  startup_stm32f10x_md.o(.text)
    PendSV_Handler                           0x08000203   Thumb Code     2  startup_stm32f10x_md.o(.text)
    SysTick_Handler                          0x08000205   Thumb Code     2  startup_stm32f10x_md.o(.text)
    ADC1_2_IRQHandler                        0x08000207   Thumb Code     0  startup_stm32f10x_md.o(.text)
    CAN1_RX1_IRQHandler                      0x08000207   Thumb Code     0  startup_stm32f10x_md.o(.text)
    CAN1_SCE_IRQHandler                      0x08000207   Thumb Code     0  startup_stm32f10x_md.o(.text)
    DMA1_Channel1_IRQHandler                 0x08000207   Thumb Code     0  startup_stm32f10x_md.o(.text)
    DMA1_Channel2_IRQHandler                 0x08000207   Thumb Code     0  startup_stm32f10x_md.o(.text)
    DMA1_Channel3_IRQHandler                 0x08000207   Thumb Code     0  startup_stm32f10x_md.o(.text)
    DMA1_Channel4_IRQHandler                 0x08000207   Thumb Code     0  startup_stm32f10x_md.o(.text)
    DMA1_Channel5_IRQHandler                 0x08000207   Thumb Code     0  startup_stm32f10x_md.o(.text)
    DMA1_Channel6_IRQHandler                 0x08000207   Thumb Code     0  startup_stm32f10x_md.o(.text)
    DMA1_Channel7_IRQHandler                 0x08000207   Thumb Code     0  startup_stm32f10x_md.o(.text)
    EXTI0_IRQHandler                         0x08000207   Thumb Code     0  startup_stm32f10x_md.o(.text)
    EXTI15_10_IRQHandler                     0x08000207   Thumb Code     0  startup_stm32f10x_md.o(.text)
    EXTI1_IRQHandler                         0x08000207   Thumb Code     0  startup_stm32f10x_md.o(.text)
    EXTI2_IRQHandler                         0x08000207   Thumb Code     0  startup_stm32f10x_md.o(.text)
    EXTI3_IRQHandler                         0x08000207   Thumb Code     0  startup_stm32f10x_md.o(.text)
    EXTI4_IRQHandler                         0x08000207   Thumb Code     0  startup_stm32f10x_md.o(.text)
    EXTI9_5_IRQHandler                       0x08000207   Thumb Code     0  startup_stm32f10x_md.o(.text)
    FLASH_IRQHandler                         0x08000207   Thumb Code     0  startup_stm32f10x_md.o(.text)
    I2C1_ER_IRQHandler                       0x08000207   Thumb Code     0  startup_stm32f10x_md.o(.text)
    I2C1_EV_IRQHandler                       0x08000207   Thumb Code     0  startup_stm32f10x_md.o(.text)
    I2C2_ER_IRQHandler                       0x08000207   Thumb Code     0  startup_stm32f10x_md.o(.text)
    I2C2_EV_IRQHandler                       0x08000207   Thumb Code     0  startup_stm32f10x_md.o(.text)
    PVD_IRQHandler                           0x08000207   Thumb Code     0  startup_stm32f10x_md.o(.text)
    RCC_IRQHandler                           0x08000207   Thumb Code     0  startup_stm32f10x_md.o(.text)
    RTCAlarm_IRQHandler                      0x08000207   Thumb Code     0  startup_stm32f10x_md.o(.text)
    RTC_IRQHandler                           0x08000207   Thumb Code     0  startup_stm32f10x_md.o(.text)
    SPI1_IRQHandler                          0x08000207   Thumb Code     0  startup_stm32f10x_md.o(.text)
    SPI2_IRQHandler                          0x08000207   Thumb Code     0  startup_stm32f10x_md.o(.text)
    TAMPER_IRQHandler                        0x08000207   Thumb Code     0  startup_stm32f10x_md.o(.text)
    TIM1_BRK_IRQHandler                      0x08000207   Thumb Code     0  startup_stm32f10x_md.o(.text)
    TIM1_CC_IRQHandler                       0x08000207   Thumb Code     0  startup_stm32f10x_md.o(.text)
    TIM1_TRG_COM_IRQHandler                  0x08000207   Thumb Code     0  startup_stm32f10x_md.o(.text)
    TIM1_UP_IRQHandler                       0x08000207   Thumb Code     0  startup_stm32f10x_md.o(.text)
    TIM2_IRQHandler                          0x08000207   Thumb Code     0  startup_stm32f10x_md.o(.text)
    TIM3_IRQHandler                          0x08000207   Thumb Code     0  startup_stm32f10x_md.o(.text)
    TIM4_IRQHandler                          0x08000207   Thumb Code     0  startup_stm32f10x_md.o(.text)
    USART1_IRQHandler                        0x08000207   Thumb Code     0  startup_stm32f10x_md.o(.text)
    USART2_IRQHandler                        0x08000207   Thumb Code     0  startup_stm32f10x_md.o(.text)
    USART3_IRQHandler                        0x08000207   Thumb Code     0  startup_stm32f10x_md.o(.text)
    USBWakeUp_IRQHandler                     0x08000207   Thumb Code     0  startup_stm32f10x_md.o(.text)
    USB_HP_CAN1_TX_IRQHandler                0x08000207   Thumb Code     0  startup_stm32f10x_md.o(.text)
    USB_LP_CAN1_RX0_IRQHandler               0x08000207   Thumb Code     0  startup_stm32f10x_md.o(.text)
    WWDG_IRQHandler                          0x08000207   Thumb Code     0  startup_stm32f10x_md.o(.text)
    __user_initial_stackheap                 0x08000209   Thumb Code     0  startup_stm32f10x_md.o(.text)
    __2snprintf                              0x0800022d   Thumb Code    50  __2snprintf.o(.text)
    _printf_pre_padding                      0x08000265   Thumb Code    44  _printf_pad.o(.text)
    _printf_post_padding                     0x08000291   Thumb Code    34  _printf_pad.o(.text)
    _printf_str                              0x080002b3   Thumb Code    82  _printf_str.o(.text)
    _printf_charcount                        0x08000305   Thumb Code    40  _printf_charcount.o(.text)
    _printf_longlong_dec                     0x0800032d   Thumb Code   108  _printf_longlong_dec.o(.text)
    _printf_ll_oct                           0x080003a9   Thumb Code    78  _printf_oct_ll.o(.text)
    _printf_longlong_oct                     0x080003a9   Thumb Code     0  _printf_oct_ll.o(.text)
    _printf_longlong_hex                     0x08000401   Thumb Code    86  _printf_hex_ll_ptr.o(.text)
    _printf_ll_hex                           0x08000457   Thumb Code    12  _printf_hex_ll_ptr.o(.text)
    _printf_hex_ptr                          0x08000463   Thumb Code    18  _printf_hex_ll_ptr.o(.text)
    __printf                                 0x08000479   Thumb Code   388  __printf_flags_ss_wp.o(.text)
    __aeabi_memclr4                          0x08000601   Thumb Code     0  rt_memclr_w.o(.text)
    __aeabi_memclr8                          0x08000601   Thumb Code     0  rt_memclr_w.o(.text)
    __rt_memclr_w                            0x08000601   Thumb Code    78  rt_memclr_w.o(.text)
    _memset_w                                0x08000605   Thumb Code     0  rt_memclr_w.o(.text)
    __use_two_region_memory                  0x0800064f   Thumb Code     2  heapauxi.o(.text)
    __rt_heap_escrow$2region                 0x08000651   Thumb Code     2  heapauxi.o(.text)
    __rt_heap_expand$2region                 0x08000653   Thumb Code     2  heapauxi.o(.text)
    _ll_udiv10                               0x08000655   Thumb Code   138  lludiv10.o(.text)
    _printf_int_common                       0x080006df   Thumb Code   178  _printf_intcommon.o(.text)
    __lib_sel_fp_printf                      0x08000791   Thumb Code     2  _printf_fp_dec.o(.text)
    _printf_fp_dec_real                      0x0800093f   Thumb Code   620  _printf_fp_dec.o(.text)
    _printf_fp_hex_real                      0x08000bad   Thumb Code   754  _printf_fp_hex.o(.text)
    _printf_char_common                      0x08000eb3   Thumb Code    32  _printf_char_common.o(.text)
    _sputc                                   0x08000ed9   Thumb Code    10  _sputc.o(.text)
    _snputc                                  0x08000ee3   Thumb Code    16  _snputc.o(.text)
    _printf_cs_common                        0x08000ef3   Thumb Code    20  _printf_char.o(.text)
    _printf_char                             0x08000f07   Thumb Code    16  _printf_char.o(.text)
    _printf_string                           0x08000f17   Thumb Code     8  _printf_char.o(.text)
    __rt_locale                              0x08000f21   Thumb Code     8  rt_locale_intlibspace.o(.text)
    _printf_fp_infnan                        0x08000f29   Thumb Code   112  _printf_fp_infnan.o(.text)
    _btod_etento                             0x08000fa9   Thumb Code   216  bigflt0.o(.text)
    __user_libspace                          0x08001085   Thumb Code     8  libspace.o(.text)
    __user_perproc_libspace                  0x08001085   Thumb Code     0  libspace.o(.text)
    __user_perthread_libspace                0x08001085   Thumb Code     0  libspace.o(.text)
    __user_setup_stackheap                   0x0800108d   Thumb Code    74  sys_stackheap_outer.o(.text)
    exit                                     0x080010d7   Thumb Code    12  exit.o(.text)
    strcmp                                   0x080010e5   Thumb Code   128  strcmpv7m.o(.text)
    _sys_exit                                0x08001165   Thumb Code     8  sys_exit.o(.text)
    __I$use$semihosting                      0x08001171   Thumb Code     0  use_no_semi.o(.text)
    __use_no_semihosting_swi                 0x08001171   Thumb Code     2  use_no_semi.o(.text)
    __semihosting_library_function           0x08001173   Thumb Code     0  indicate_semi.o(.text)
    _btod_d2e                                0x08001173   Thumb Code    62  btod.o(CL$$btod_d2e)
    _d2e_denorm_low                          0x080011b1   Thumb Code    70  btod.o(CL$$btod_d2e_denorm_low)
    _d2e_norm_op1                            0x080011f7   Thumb Code    96  btod.o(CL$$btod_d2e_norm_op1)
    __btod_div_common                        0x08001257   Thumb Code   696  btod.o(CL$$btod_div_common)
    _e2e                                     0x0800158f   Thumb Code   198  btod.o(CL$$btod_e2e)
    _btod_ediv                               0x08001655   Thumb Code    40  btod.o(CL$$btod_ediv)
    _btod_emul                               0x0800167d   Thumb Code    40  btod.o(CL$$btod_emul)
    __btod_mult_common                       0x080016a5   Thumb Code   580  btod.o(CL$$btod_mult_common)
    GPIO_Init                                0x080018e9   Thumb Code   278  stm32f10x_gpio.o(i.GPIO_Init)
    GPIO_ResetBits                           0x080019ff   Thumb Code     4  stm32f10x_gpio.o(i.GPIO_ResetBits)
    GPIO_SetBits                             0x08001a03   Thumb Code     4  stm32f10x_gpio.o(i.GPIO_SetBits)
    RCC_APB1PeriphClockCmd                   0x08001a09   Thumb Code    26  stm32f10x_rcc.o(i.RCC_APB1PeriphClockCmd)
    RCC_APB2PeriphClockCmd                   0x08001a29   Thumb Code    26  stm32f10x_rcc.o(i.RCC_APB2PeriphClockCmd)
    RCC_GetClocksFreq                        0x08001a49   Thumb Code   192  stm32f10x_rcc.o(i.RCC_GetClocksFreq)
    SystemInit                               0x08001c05   Thumb Code    78  system_stm32f10x.o(i.SystemInit)
    USART_ClearFlag                          0x08001c65   Thumb Code    18  stm32f10x_usart.o(i.USART_ClearFlag)
    USART_Cmd                                0x08001c77   Thumb Code    24  stm32f10x_usart.o(i.USART_Cmd)
    USART_GetFlagStatus                      0x08001c8f   Thumb Code    26  stm32f10x_usart.o(i.USART_GetFlagStatus)
    USART_Init                               0x08001ca9   Thumb Code   210  stm32f10x_usart.o(i.USART_Init)
    USART_SendData                           0x08001d81   Thumb Code     8  stm32f10x_usart.o(i.USART_SendData)
    LyzkGpio::Set()                          0x08001d89   Thumb Code    24  lyzkgpio.o(i._ZN8LyzkGpio3SetEv)
    LyzkGpio::Init(GpioConfig)               0x08001da1   Thumb Code   354  lyzkgpio.o(i._ZN8LyzkGpio4InitE10GpioConfig)
    LyzkGpio::Reset()                        0x08001f21   Thumb Code    24  lyzkgpio.o(i._ZN8LyzkGpio5ResetEv)
    LyzkGpio::SetPin(unsigned short)         0x08001f39   Thumb Code     4  lyzkgpio.o(i._ZN8LyzkGpio6SetPinEt)
    LyzkGpio::SetGPIOx(GPIO_TypeDef*)        0x08001f3d   Thumb Code     4  lyzkgpio.o(i._ZN8LyzkGpio8SetGPIOxEP12GPIO_TypeDef)
    LyzkGpio::LyzkGpio()                     0x08001f41   Thumb Code     8  lyzkgpio.o(i._ZN8LyzkGpioC1Ev)
    LyzkGpio::LyzkGpio__sub_object()         0x08001f41   Thumb Code     0  lyzkgpio.o(i._ZN8LyzkGpioC1Ev)
    LyzkUsart::Init(USART_InitTypeDef*)      0x08001f49   Thumb Code   208  lyzkusart.o(i._ZN9LyzkUsart4InitEP17USART_InitTypeDef)
    LyzkUsart::Printf(const char*, ...)      0x08002025   Thumb Code   712  lyzkusart.o(i._ZN9LyzkUsart6PrintfEPKcz)
    LyzkUsart::PutChar(unsigned char)        0x080022ed   Thumb Code    38  lyzkusart.o(i._ZN9LyzkUsart7PutCharEh)
    LyzkUsart::SetUSART(USART_TypeDef*)      0x08002313   Thumb Code     4  lyzkusart.o(i._ZN9LyzkUsart8SetUSARTEP13USART_TypeDef)
    LyzkUsart::LyzkUsart()                   0x08002317   Thumb Code    36  lyzkusart.o(i._ZN9LyzkUsartC1Ev)
    LyzkUsart::LyzkUsart__sub_object()       0x08002317   Thumb Code     0  lyzkusart.o(i._ZN9LyzkUsartC1Ev)
    __ARM_fpclassify                         0x0800233b   Thumb Code    40  fpclassify.o(i.__ARM_fpclassify)
    _is_digit                                0x08002363   Thumb Code    14  __printf_wp.o(i._is_digit)
    main                                     0x08002371   Thumb Code   200  main.o(i.main)
    _get_lc_numeric                          0x08002465   Thumb Code    44  lc_numeric_c.o(locale$$code)
    _printf_fp_dec                           0x08002491   Thumb Code     4  printf1.o(x$fpl$printf1)
    _printf_fp_hex                           0x08002495   Thumb Code     4  printf2.o(x$fpl$printf2)
    __I$use$fp                               0x08002498   Number         0  usenofp.o(x$fpl$usenofp)
    Region$$Table$$Base                      0x0800258c   Number         0  anon$$obj.o(Region$$Table)
    Region$$Table$$Limit                     0x080025ac   Number         0  anon$$obj.o(Region$$Table)
    __libspace_start                         0x20000014   Data          96  libspace.o(.bss)
    __temporary_stack_top$libspace           0x20000074   Data           0  libspace.o(.bss)



==============================================================================

Memory Map of the image

  Image Entry point : 0x080000ed

  Load Region LR_IROM1 (Base: 0x08000000, Size: 0x000025dc, Max: 0x00010000, ABSOLUTE)

    Execution Region ER_IROM1 (Base: 0x08000000, Size: 0x000025c8, Max: 0x00010000, ABSOLUTE)

    Base Addr    Size         Type   Attr      Idx    E Section Name        Object

    0x08000000   0x000000ec   Data   RO            3    RESET               startup_stm32f10x_md.o
    0x080000ec   0x00000008   Code   RO          834  * !!!main             c_w.l(__main.o)
    0x080000f4   0x00000034   Code   RO         1061    !!!scatter          c_w.l(__scatter.o)
    0x08000128   0x0000001a   Code   RO         1063    !!handler_copy      c_w.l(__scatter_copy.o)
    0x08000142   0x00000002   PAD
    0x08000144   0x0000001c   Code   RO         1065    !!handler_zi        c_w.l(__scatter_zi.o)
    0x08000160   0x00000000   Code   RO          824    .ARM.Collect$$_printf_percent$$00000000  c_w.l(_printf_percent.o)
    0x08000160   0x00000006   Code   RO          818    .ARM.Collect$$_printf_percent$$00000001  c_w.l(_printf_n.o)
    0x08000166   0x00000006   Code   RO          819    .ARM.Collect$$_printf_percent$$00000002  c_w.l(_printf_p.o)
    0x0800016c   0x00000006   Code   RO          820    .ARM.Collect$$_printf_percent$$00000003  c_w.l(_printf_f.o)
    0x08000172   0x00000006   Code   RO          821    .ARM.Collect$$_printf_percent$$00000004  c_w.l(_printf_e.o)
    0x08000178   0x00000006   Code   RO          822    .ARM.Collect$$_printf_percent$$00000005  c_w.l(_printf_g.o)
    0x0800017e   0x00000006   Code   RO          823    .ARM.Collect$$_printf_percent$$00000006  c_w.l(_printf_a.o)
    0x08000184   0x0000000a   Code   RO          863    .ARM.Collect$$_printf_percent$$00000007  c_w.l(_printf_ll.o)
    0x0800018e   0x00000006   Code   RO          825    .ARM.Collect$$_printf_percent$$0000000D  c_w.l(_printf_lli.o)
    0x08000194   0x00000006   Code   RO          826    .ARM.Collect$$_printf_percent$$0000000E  c_w.l(_printf_lld.o)
    0x0800019a   0x00000006   Code   RO          827    .ARM.Collect$$_printf_percent$$0000000F  c_w.l(_printf_llu.o)
    0x080001a0   0x00000006   Code   RO          828    .ARM.Collect$$_printf_percent$$00000010  c_w.l(_printf_llo.o)
    0x080001a6   0x00000006   Code   RO          829    .ARM.Collect$$_printf_percent$$00000011  c_w.l(_printf_llx.o)
    0x080001ac   0x00000006   Code   RO          817    .ARM.Collect$$_printf_percent$$00000014  c_w.l(_printf_s.o)
    0x080001b2   0x00000004   Code   RO          862    .ARM.Collect$$_printf_percent$$00000017  c_w.l(_printf_percent_end.o)
    0x080001b6   0x00000002   Code   RO          935    .ARM.Collect$$libinit$$00000000  c_w.l(libinit.o)
    0x080001b8   0x00000000   Code   RO          937    .ARM.Collect$$libinit$$00000002  c_w.l(libinit2.o)
    0x080001b8   0x00000000   Code   RO          939    .ARM.Collect$$libinit$$00000004  c_w.l(libinit2.o)
    0x080001b8   0x00000000   Code   RO          942    .ARM.Collect$$libinit$$0000000A  c_w.l(libinit2.o)
    0x080001b8   0x00000000   Code   RO          944    .ARM.Collect$$libinit$$0000000C  c_w.l(libinit2.o)
    0x080001b8   0x00000000   Code   RO          946    .ARM.Collect$$libinit$$0000000E  c_w.l(libinit2.o)
    0x080001b8   0x00000006   Code   RO          947    .ARM.Collect$$libinit$$0000000F  c_w.l(libinit2.o)
    0x080001be   0x00000000   Code   RO          949    .ARM.Collect$$libinit$$00000011  c_w.l(libinit2.o)
    0x080001be   0x00000000   Code   RO          951    .ARM.Collect$$libinit$$00000013  c_w.l(libinit2.o)
    0x080001be   0x00000000   Code   RO          953    .ARM.Collect$$libinit$$00000015  c_w.l(libinit2.o)
    0x080001be   0x0000000a   Code   RO          954    .ARM.Collect$$libinit$$00000016  c_w.l(libinit2.o)
    0x080001c8   0x00000000   Code   RO          955    .ARM.Collect$$libinit$$00000017  c_w.l(libinit2.o)
    0x080001c8   0x00000000   Code   RO          957    .ARM.Collect$$libinit$$00000019  c_w.l(libinit2.o)
    0x080001c8   0x00000000   Code   RO          959    .ARM.Collect$$libinit$$0000001B  c_w.l(libinit2.o)
    0x080001c8   0x00000000   Code   RO          961    .ARM.Collect$$libinit$$0000001D  c_w.l(libinit2.o)
    0x080001c8   0x00000000   Code   RO          963    .ARM.Collect$$libinit$$0000001F  c_w.l(libinit2.o)
    0x080001c8   0x00000000   Code   RO          965    .ARM.Collect$$libinit$$00000021  c_w.l(libinit2.o)
    0x080001c8   0x00000000   Code   RO          967    .ARM.Collect$$libinit$$00000023  c_w.l(libinit2.o)
    0x080001c8   0x00000000   Code   RO          969    .ARM.Collect$$libinit$$00000025  c_w.l(libinit2.o)
    0x080001c8   0x00000000   Code   RO          973    .ARM.Collect$$libinit$$0000002C  c_w.l(libinit2.o)
    0x080001c8   0x00000000   Code   RO          975    .ARM.Collect$$libinit$$0000002E  c_w.l(libinit2.o)
    0x080001c8   0x00000000   Code   RO          977    .ARM.Collect$$libinit$$00000030  c_w.l(libinit2.o)
    0x080001c8   0x00000000   Code   RO          979    .ARM.Collect$$libinit$$00000032  c_w.l(libinit2.o)
    0x080001c8   0x00000002   Code   RO          980    .ARM.Collect$$libinit$$00000033  c_w.l(libinit2.o)
    0x080001ca   0x00000002   Code   RO         1010    .ARM.Collect$$libshutdown$$00000000  c_w.l(libshutdown.o)
    0x080001cc   0x00000000   Code   RO         1022    .ARM.Collect$$libshutdown$$00000003  c_w.l(libshutdown2.o)
    0x080001cc   0x00000000   Code   RO         1025    .ARM.Collect$$libshutdown$$00000006  c_w.l(libshutdown2.o)
    0x080001cc   0x00000000   Code   RO         1028    .ARM.Collect$$libshutdown$$00000009  c_w.l(libshutdown2.o)
    0x080001cc   0x00000000   Code   RO         1030    .ARM.Collect$$libshutdown$$0000000B  c_w.l(libshutdown2.o)
    0x080001cc   0x00000000   Code   RO         1033    .ARM.Collect$$libshutdown$$0000000E  c_w.l(libshutdown2.o)
    0x080001cc   0x00000002   Code   RO         1034    .ARM.Collect$$libshutdown$$0000000F  c_w.l(libshutdown2.o)
    0x080001ce   0x00000000   Code   RO          844    .ARM.Collect$$rtentry$$00000000  c_w.l(__rtentry.o)
    0x080001ce   0x00000000   Code   RO          865    .ARM.Collect$$rtentry$$00000002  c_w.l(__rtentry2.o)
    0x080001ce   0x00000006   Code   RO          877    .ARM.Collect$$rtentry$$00000004  c_w.l(__rtentry4.o)
    0x080001d4   0x00000000   Code   RO          867    .ARM.Collect$$rtentry$$00000009  c_w.l(__rtentry2.o)
    0x080001d4   0x00000004   Code   RO          868    .ARM.Collect$$rtentry$$0000000A  c_w.l(__rtentry2.o)
    0x080001d8   0x00000000   Code   RO          870    .ARM.Collect$$rtentry$$0000000C  c_w.l(__rtentry2.o)
    0x080001d8   0x00000008   Code   RO          871    .ARM.Collect$$rtentry$$0000000D  c_w.l(__rtentry2.o)
    0x080001e0   0x00000002   Code   RO          981    .ARM.Collect$$rtexit$$00000000  c_w.l(rtexit.o)
    0x080001e2   0x00000000   Code   RO          988    .ARM.Collect$$rtexit$$00000002  c_w.l(rtexit2.o)
    0x080001e2   0x00000004   Code   RO          989    .ARM.Collect$$rtexit$$00000003  c_w.l(rtexit2.o)
    0x080001e6   0x00000006   Code   RO          990    .ARM.Collect$$rtexit$$00000004  c_w.l(rtexit2.o)
    0x080001ec   0x00000040   Code   RO            4    .text               startup_stm32f10x_md.o
    0x0800022c   0x00000038   Code   RO          756    .text               c_w.l(__2snprintf.o)
    0x08000264   0x0000004e   Code   RO          762    .text               c_w.l(_printf_pad.o)
    0x080002b2   0x00000052   Code   RO          764    .text               c_w.l(_printf_str.o)
    0x08000304   0x00000028   Code   RO          766    .text               c_w.l(_printf_charcount.o)
    0x0800032c   0x0000007c   Code   RO          768    .text               c_w.l(_printf_longlong_dec.o)
    0x080003a8   0x00000058   Code   RO          770    .text               c_w.l(_printf_oct_ll.o)
    0x08000400   0x00000078   Code   RO          791    .text               c_w.l(_printf_hex_ll_ptr.o)
    0x08000478   0x00000188   Code   RO          814    .text               c_w.l(__printf_flags_ss_wp.o)
    0x08000600   0x0000004e   Code   RO          830    .text               c_w.l(rt_memclr_w.o)
    0x0800064e   0x00000006   Code   RO          832    .text               c_w.l(heapauxi.o)
    0x08000654   0x0000008a   Code   RO          845    .text               c_w.l(lludiv10.o)
    0x080006de   0x000000b2   Code   RO          847    .text               c_w.l(_printf_intcommon.o)
    0x08000790   0x0000041a   Code   RO          849    .text               c_w.l(_printf_fp_dec.o)
    0x08000baa   0x00000002   PAD
    0x08000bac   0x000002fc   Code   RO          851    .text               c_w.l(_printf_fp_hex.o)
    0x08000ea8   0x00000030   Code   RO          854    .text               c_w.l(_printf_char_common.o)
    0x08000ed8   0x0000000a   Code   RO          856    .text               c_w.l(_sputc.o)
    0x08000ee2   0x00000010   Code   RO          858    .text               c_w.l(_snputc.o)
    0x08000ef2   0x0000002c   Code   RO          860    .text               c_w.l(_printf_char.o)
    0x08000f1e   0x00000002   PAD
    0x08000f20   0x00000008   Code   RO          882    .text               c_w.l(rt_locale_intlibspace.o)
    0x08000f28   0x00000080   Code   RO          884    .text               c_w.l(_printf_fp_infnan.o)
    0x08000fa8   0x000000dc   Code   RO          888    .text               c_w.l(bigflt0.o)
    0x08001084   0x00000008   Code   RO          921    .text               c_w.l(libspace.o)
    0x0800108c   0x0000004a   Code   RO          924    .text               c_w.l(sys_stackheap_outer.o)
    0x080010d6   0x0000000c   Code   RO          926    .text               c_w.l(exit.o)
    0x080010e2   0x00000002   PAD
    0x080010e4   0x00000080   Code   RO          928    .text               c_w.l(strcmpv7m.o)
    0x08001164   0x0000000c   Code   RO         1000    .text               c_w.l(sys_exit.o)
    0x08001170   0x00000002   Code   RO         1011    .text               c_w.l(use_no_semi.o)
    0x08001172   0x00000000   Code   RO         1013    .text               c_w.l(indicate_semi.o)
    0x08001172   0x0000003e   Code   RO          891    CL$$btod_d2e        c_w.l(btod.o)
    0x080011b0   0x00000046   Code   RO          893    CL$$btod_d2e_denorm_low  c_w.l(btod.o)
    0x080011f6   0x00000060   Code   RO          892    CL$$btod_d2e_norm_op1  c_w.l(btod.o)
    0x08001256   0x00000338   Code   RO          901    CL$$btod_div_common  c_w.l(btod.o)
    0x0800158e   0x000000c6   Code   RO          898    CL$$btod_e2e        c_w.l(btod.o)
    0x08001654   0x00000028   Code   RO          895    CL$$btod_ediv       c_w.l(btod.o)
    0x0800167c   0x00000028   Code   RO          894    CL$$btod_emul       c_w.l(btod.o)
    0x080016a4   0x00000244   Code   RO          900    CL$$btod_mult_common  c_w.l(btod.o)
    0x080018e8   0x00000116   Code   RO           74    i.GPIO_Init         stm32f10x_gpio.o
    0x080019fe   0x00000004   Code   RO           81    i.GPIO_ResetBits    stm32f10x_gpio.o
    0x08001a02   0x00000004   Code   RO           82    i.GPIO_SetBits      stm32f10x_gpio.o
    0x08001a06   0x00000002   PAD
    0x08001a08   0x00000020   Code   RO          201    i.RCC_APB1PeriphClockCmd  stm32f10x_rcc.o
    0x08001a28   0x00000020   Code   RO          203    i.RCC_APB2PeriphClockCmd  stm32f10x_rcc.o
    0x08001a48   0x000000d4   Code   RO          211    i.RCC_GetClocksFreq  stm32f10x_rcc.o
    0x08001b1c   0x00000008   Code   RO           24    i.SetSysClock       system_stm32f10x.o
    0x08001b24   0x000000e0   Code   RO           25    i.SetSysClockTo72   system_stm32f10x.o
    0x08001c04   0x00000060   Code   RO           27    i.SystemInit        system_stm32f10x.o
    0x08001c64   0x00000012   Code   RO          399    i.USART_ClearFlag   stm32f10x_usart.o
    0x08001c76   0x00000018   Code   RO          403    i.USART_Cmd         stm32f10x_usart.o
    0x08001c8e   0x0000001a   Code   RO          406    i.USART_GetFlagStatus  stm32f10x_usart.o
    0x08001ca8   0x000000d8   Code   RO          410    i.USART_Init        stm32f10x_usart.o
    0x08001d80   0x00000008   Code   RO          420    i.USART_SendData    stm32f10x_usart.o
    0x08001d88   0x00000018   Code   RO          583    i._ZN8LyzkGpio3SetEv  lyzkgpio.o
    0x08001da0   0x00000180   Code   RO          584    i._ZN8LyzkGpio4InitE10GpioConfig  lyzkgpio.o
    0x08001f20   0x00000018   Code   RO          585    i._ZN8LyzkGpio5ResetEv  lyzkgpio.o
    0x08001f38   0x00000004   Code   RO          586    i._ZN8LyzkGpio6SetPinEt  lyzkgpio.o
    0x08001f3c   0x00000004   Code   RO          587    i._ZN8LyzkGpio8SetGPIOxEP12GPIO_TypeDef  lyzkgpio.o
    0x08001f40   0x00000008   Code   RO          588    i._ZN8LyzkGpioC1Ev  lyzkgpio.o
    0x08001f48   0x000000dc   Code   RO          695    i._ZN9LyzkUsart4InitEP17USART_InitTypeDef  lyzkusart.o
    0x08002024   0x000002c8   Code   RO          696    i._ZN9LyzkUsart6PrintfEPKcz  lyzkusart.o
    0x080022ec   0x00000026   Code   RO          698    i._ZN9LyzkUsart7PutCharEh  lyzkusart.o
    0x08002312   0x00000004   Code   RO          699    i._ZN9LyzkUsart8SetUSARTEP13USART_TypeDef  lyzkusart.o
    0x08002316   0x00000024   Code   RO          700    i._ZN9LyzkUsartC1Ev  lyzkusart.o
    0x0800233a   0x00000028   Code   RO          919    i.__ARM_fpclassify  m_ws.l(fpclassify.o)
    0x08002362   0x0000000e   Code   RO          807    i._is_digit         c_w.l(__printf_wp.o)
    0x08002370   0x000000f4   Code   RO          663    i.main              main.o
    0x08002464   0x0000002c   Code   RO          914    locale$$code        c_w.l(lc_numeric_c.o)
    0x08002490   0x00000004   Code   RO          836    x$fpl$printf1       fz_ws.l(printf1.o)
    0x08002494   0x00000004   Code   RO          838    x$fpl$printf2       fz_ws.l(printf2.o)
    0x08002498   0x00000000   Code   RO          918    x$fpl$usenofp       fz_ws.l(usenofp.o)
    0x08002498   0x00000028   Data   RO          792    .constdata          c_w.l(_printf_hex_ll_ptr.o)
    0x080024c0   0x00000011   Data   RO          815    .constdata          c_w.l(__printf_flags_ss_wp.o)
    0x080024d1   0x00000026   Data   RO          852    .constdata          c_w.l(_printf_fp_hex.o)
    0x080024f7   0x00000001   PAD
    0x080024f8   0x00000094   Data   RO          889    .constdata          c_w.l(bigflt0.o)
    0x0800258c   0x00000020   Data   RO         1059    Region$$Table       anon$$obj.o
    0x080025ac   0x0000001c   Data   RO          913    locale$$data        c_w.l(lc_numeric_c.o)


    Execution Region RW_IRAM1 (Base: 0x20000000, Size: 0x00000678, Max: 0x00005000, ABSOLUTE)

    Base Addr    Size         Type   Attr      Idx    E Section Name        Object

    0x20000000   0x00000014   Data   RW          231    .data               stm32f10x_rcc.o
    0x20000014   0x00000060   Zero   RW          922    .bss                c_w.l(libspace.o)
    0x20000074   0x00000004   PAD
    0x20000078   0x00000200   Zero   RW            2    HEAP                startup_stm32f10x_md.o
    0x20000278   0x00000400   Zero   RW            1    STACK               startup_stm32f10x_md.o


==============================================================================

Image component sizes


      Code (inc. data)   RO Data    RW Data    ZI Data      Debug   Object Name

         0          0          0          0          0       4504   core_cm3.o
       448         30          0          0          0     219036   lyzkgpio.o
      1010         12          0          0          0       6228   lyzkusart.o
       244         44          0          0          0       8939   main.o
        64         26        236          0       1536        812   startup_stm32f10x_md.o
       286          0          0          0          0     221424   stm32f10x_gpio.o
       276         32          0         20          0       4130   stm32f10x_rcc.o
       292          6          0          0          0      10150   stm32f10x_usart.o
       328         28          0          0          0       1709   system_stm32f10x.o

    ----------------------------------------------------------------------
      2950        178        268         20       1536     476932   Object Totals
         0          0         32          0          0          0   (incl. Generated)
         2          0          0          0          0          0   (incl. Padding)

    ----------------------------------------------------------------------

      Code (inc. data)   RO Data    RW Data    ZI Data      Debug   Library Member Name

        56          6          0          0          0         88   __2snprintf.o
         8          0          0          0          0         68   __main.o
       392          4         17          0          0         92   __printf_flags_ss_wp.o
        14          0          0          0          0         68   __printf_wp.o
         0          0          0          0          0          0   __rtentry.o
        12          0          0          0          0          0   __rtentry2.o
         6          0          0          0          0          0   __rtentry4.o
        52          8          0          0          0          0   __scatter.o
        26          0          0          0          0          0   __scatter_copy.o
        28          0          0          0          0          0   __scatter_zi.o
         6          0          0          0          0          0   _printf_a.o
        44          0          0          0          0        108   _printf_char.o
        48          6          0          0          0         96   _printf_char_common.o
        40          0          0          0          0         68   _printf_charcount.o
         6          0          0          0          0          0   _printf_e.o
         6          0          0          0          0          0   _printf_f.o
      1050          0          0          0          0        216   _printf_fp_dec.o
       764         10         38          0          0        100   _printf_fp_hex.o
       128         16          0          0          0         84   _printf_fp_infnan.o
         6          0          0          0          0          0   _printf_g.o
       120          4         40          0          0        124   _printf_hex_ll_ptr.o
       178          0          0          0          0         88   _printf_intcommon.o
        10          0          0          0          0          0   _printf_ll.o
         6          0          0          0          0          0   _printf_lld.o
         6          0          0          0          0          0   _printf_lli.o
         6          0          0          0          0          0   _printf_llo.o
         6          0          0          0          0          0   _printf_llu.o
         6          0          0          0          0          0   _printf_llx.o
       124         16          0          0          0         92   _printf_longlong_dec.o
         6          0          0          0          0          0   _printf_n.o
        88         10          0          0          0         80   _printf_oct_ll.o
         6          0          0          0          0          0   _printf_p.o
        78          0          0          0          0        108   _printf_pad.o
         0          0          0          0          0          0   _printf_percent.o
         4          0          0          0          0          0   _printf_percent_end.o
         6          0          0          0          0          0   _printf_s.o
        82          0          0          0          0         80   _printf_str.o
        16          0          0          0          0         68   _snputc.o
        10          0          0          0          0         68   _sputc.o
       220          4        148          0          0         96   bigflt0.o
      1910        128          0          0          0        672   btod.o
        12          0          0          0          0         72   exit.o
         6          0          0          0          0        152   heapauxi.o
         0          0          0          0          0          0   indicate_semi.o
        44         10         28          0          0         76   lc_numeric_c.o
         2          0          0          0          0          0   libinit.o
        18          0          0          0          0          0   libinit2.o
         2          0          0          0          0          0   libshutdown.o
         2          0          0          0          0          0   libshutdown2.o
         8          4          0          0         96         68   libspace.o
       138          0          0          0          0         80   lludiv10.o
         8          4          0          0          0         68   rt_locale_intlibspace.o
        78          0          0          0          0         80   rt_memclr_w.o
         2          0          0          0          0          0   rtexit.o
        10          0          0          0          0          0   rtexit2.o
       128          0          0          0          0         68   strcmpv7m.o
        12          4          0          0          0         68   sys_exit.o
        74          0          0          0          0         80   sys_stackheap_outer.o
         2          0          0          0          0         68   use_no_semi.o
         4          0          0          0          0         68   printf1.o
         4          0          0          0          0         68   printf2.o
         0          0          0          0          0          0   usenofp.o
        40          0          0          0          0         68   fpclassify.o

    ----------------------------------------------------------------------
      6182        234        272          0        100       3548   Library Totals
         8          0          1          0          4          0   (incl. Padding)

    ----------------------------------------------------------------------

      Code (inc. data)   RO Data    RW Data    ZI Data      Debug   Library Name

      6126        234        271          0         96       3344   c_w.l
         8          0          0          0          0        136   fz_ws.l
        40          0          0          0          0         68   m_ws.l

    ----------------------------------------------------------------------
      6182        234        272          0        100       3548   Library Totals

    ----------------------------------------------------------------------

==============================================================================


      Code (inc. data)   RO Data    RW Data    ZI Data      Debug   

      9132        412        540         20       1636     477304   Grand Totals
      9132        412        540         20       1636     477304   ELF Image Totals
      9132        412        540         20          0          0   ROM Totals

==============================================================================

    Total RO  Size (Code + RO Data)                 9672 (   9.45kB)
    Total RW  Size (RW Data + ZI Data)              1656 (   1.62kB)
    Total ROM Size (Code + RO Data + RW Data)       9692 (   9.46kB)

==============================================================================

